Archive member included to satisfy reference by file (symbol)

/opt/toolchains/eabi/arm-2014.05/bin/../lib/gcc/arm-none-eabi/4.8.3/../../../../arm-none-eabi/lib/thumb2/libc.a(lib_a-init.o)
                              Output/Libraries/Startup/startup_stm32f401xx.o (__libc_init_array)
/opt/toolchains/eabi/arm-2014.05/bin/../lib/gcc/arm-none-eabi/4.8.3/../../../../arm-none-eabi/lib/thumb2/libc.a(lib_a-memcpy-stub.o)
                              Output/Libraries/FreeRTOS/Source/queue.o (memcpy)

Allocating common symbols
Common symbol       size              file

byte2Read           0x1               Output/i2c/i2c.o
GETPT               0x4               Output/src/main.o
SPI_index           0x1               Output/spi/spi.o
TX_OK               0x1               Output/i2c/i2c.o
xQueueRegistry      0x40              Output/Libraries/FreeRTOS/Source/queue.o
RX_Buffer           0x64              Output/i2c/i2c.o
SPI_MODE            0x1               Output/src/main.o
mode                0x1               Output/i2c/i2c.o
buffer              0x66              Output/i2c/i2c.o
index               0x1               Output/i2c/i2c.o
GPIO_InitStructure  0x8               Output/src/main.o
PUTPT               0x4               Output/src/main.o
Fifo                0x3e8             Output/src/main.o
MasterTxBuffer      0x3               Output/i2c/i2c.o
len                 0x1               Output/i2c/i2c.o

Discarded input sections

 .text          0x00000000        0x0 /opt/toolchains/eabi/arm-2014.05/bin/../lib/gcc/arm-none-eabi/4.8.3/thumb2/crti.o
 .data          0x00000000        0x0 /opt/toolchains/eabi/arm-2014.05/bin/../lib/gcc/arm-none-eabi/4.8.3/thumb2/crti.o
 .bss           0x00000000        0x0 /opt/toolchains/eabi/arm-2014.05/bin/../lib/gcc/arm-none-eabi/4.8.3/thumb2/crti.o
 .data          0x00000000        0x4 /opt/toolchains/eabi/arm-2014.05/bin/../lib/gcc/arm-none-eabi/4.8.3/thumb2/crtbegin.o
 .text          0x00000000        0x0 Output/Libraries/STM32F4xx_StdPeriph_Driver/src/misc.o
 .data          0x00000000        0x0 Output/Libraries/STM32F4xx_StdPeriph_Driver/src/misc.o
 .bss           0x00000000        0x0 Output/Libraries/STM32F4xx_StdPeriph_Driver/src/misc.o
 .text.NVIC_PriorityGroupConfig
                0x00000000       0x40 Output/Libraries/STM32F4xx_StdPeriph_Driver/src/misc.o
 .text.NVIC_SetVectorTable
                0x00000000       0x54 Output/Libraries/STM32F4xx_StdPeriph_Driver/src/misc.o
 .text.NVIC_SystemLPConfig
                0x00000000       0x58 Output/Libraries/STM32F4xx_StdPeriph_Driver/src/misc.o
 .text.SysTick_CLKSourceConfig
                0x00000000       0x44 Output/Libraries/STM32F4xx_StdPeriph_Driver/src/misc.o
 .text          0x00000000        0x0 Output/Libraries/STM32F4xx_StdPeriph_Driver/src/stm32f4xx_gpio.o
 .data          0x00000000        0x0 Output/Libraries/STM32F4xx_StdPeriph_Driver/src/stm32f4xx_gpio.o
 .bss           0x00000000        0x0 Output/Libraries/STM32F4xx_StdPeriph_Driver/src/stm32f4xx_gpio.o
 .text.GPIO_DeInit
                0x00000000      0x20c Output/Libraries/STM32F4xx_StdPeriph_Driver/src/stm32f4xx_gpio.o
 .text.GPIO_StructInit
                0x00000000       0x14 Output/Libraries/STM32F4xx_StdPeriph_Driver/src/stm32f4xx_gpio.o
 .text.GPIO_PinLockConfig
                0x00000000       0xd0 Output/Libraries/STM32F4xx_StdPeriph_Driver/src/stm32f4xx_gpio.o
 .text.GPIO_ReadInputDataBit
                0x00000000      0x104 Output/Libraries/STM32F4xx_StdPeriph_Driver/src/stm32f4xx_gpio.o
 .text.GPIO_ReadInputData
                0x00000000       0x9c Output/Libraries/STM32F4xx_StdPeriph_Driver/src/stm32f4xx_gpio.o
 .text.GPIO_ReadOutputDataBit
                0x00000000      0x104 Output/Libraries/STM32F4xx_StdPeriph_Driver/src/stm32f4xx_gpio.o
 .text.GPIO_ReadOutputData
                0x00000000       0x9c Output/Libraries/STM32F4xx_StdPeriph_Driver/src/stm32f4xx_gpio.o
 .text.GPIO_ResetBits
                0x00000000       0xb0 Output/Libraries/STM32F4xx_StdPeriph_Driver/src/stm32f4xx_gpio.o
 .text.GPIO_WriteBit
                0x00000000      0x128 Output/Libraries/STM32F4xx_StdPeriph_Driver/src/stm32f4xx_gpio.o
 .text.GPIO_Write
                0x00000000       0x9c Output/Libraries/STM32F4xx_StdPeriph_Driver/src/stm32f4xx_gpio.o
 .text.GPIO_ToggleBits
                0x00000000       0xa0 Output/Libraries/STM32F4xx_StdPeriph_Driver/src/stm32f4xx_gpio.o
 .text          0x00000000        0x0 Output/Libraries/STM32F4xx_StdPeriph_Driver/src/stm32f4xx_i2c.o
 .data          0x00000000        0x0 Output/Libraries/STM32F4xx_StdPeriph_Driver/src/stm32f4xx_i2c.o
 .bss           0x00000000        0x0 Output/Libraries/STM32F4xx_StdPeriph_Driver/src/stm32f4xx_i2c.o
 .text.I2C_DeInit
                0x00000000       0x9c Output/Libraries/STM32F4xx_StdPeriph_Driver/src/stm32f4xx_i2c.o
 .text.I2C_Init
                0x00000000      0x1d0 Output/Libraries/STM32F4xx_StdPeriph_Driver/src/stm32f4xx_i2c.o
 .text.I2C_StructInit
[...]
Memory Configuration

Name             Origin             Length             Attributes
FLASH            0x08000000         0x00080000         xr
RAM              0x20000000         0x00018000         xrw
MEMORY_B1        0x60000000         0x00000000         xr
*default*        0x00000000         0xffffffff

Linker script and memory map

LOAD /opt/toolchains/eabi/arm-2014.05/bin/../lib/gcc/arm-none-eabi/4.8.3/thumb2/crti.o
LOAD /opt/toolchains/eabi/arm-2014.05/bin/../lib/gcc/arm-none-eabi/4.8.3/thumb2/crtbegin.o
LOAD Output/Libraries/STM32F4xx_StdPeriph_Driver/src/misc.o
LOAD Output/Libraries/STM32F4xx_StdPeriph_Driver/src/stm32f4xx_gpio.o
LOAD Output/Libraries/STM32F4xx_StdPeriph_Driver/src/stm32f4xx_i2c.o
LOAD Output/src/stm32f4xx_it.o
LOAD Output/Libraries/STM32F4xx_StdPeriph_Driver/src/stm32f4xx_rcc.o
LOAD Output/Libraries/STM32F4xx_StdPeriph_Driver/src/stm32f4xx_usart.o
LOAD Output/src/system_stm32f4xx.o
LOAD Output/src/main.o
LOAD Output/led/led.o
LOAD Output/spi/spi.o
LOAD Output/i2c/i2c.o
LOAD Output/fifo/fifo.o
LOAD Output/usart/usart.o
LOAD Output/Libraries/FreeRTOS/Source/tasks.o
LOAD Output/Libraries/FreeRTOS/Source/queue.o
LOAD Output/Libraries/FreeRTOS/Source/list.o
LOAD Output/Libraries/FreeRTOS/Source/timers.o
LOAD Output/Libraries/FreeRTOS/Source/portable/MemMang/heap_1.o
LOAD Output/Libraries/FreeRTOS/Source/portable/GCC/ARM_CM4F/port.o
LOAD Output/Libraries/STM32F4xx_StdPeriph_Driver/src/stm32f4xx_flash.o
LOAD Output/Libraries/STM32F4xx_StdPeriph_Driver/src/stm32f4xx_spi.o
LOAD Output/Libraries/Startup/startup_stm32f401xx.o
START GROUP
LOAD /opt/toolchains/eabi/arm-2014.05/bin/../lib/gcc/arm-none-eabi/4.8.3/thumb2/libgcc.a
LOAD /opt/toolchains/eabi/arm-2014.05/bin/../lib/gcc/arm-none-eabi/4.8.3/../../../../arm-none-eabi/lib/thumb2/libc.a
END GROUP
LOAD /opt/toolchains/eabi/arm-2014.05/bin/../lib/gcc/arm-none-eabi/4.8.3/thumb2/crtend.o
LOAD /opt/toolchains/eabi/arm-2014.05/bin/../lib/gcc/arm-none-eabi/4.8.3/thumb2/crtn.o
                0x20018000                _estack = 0x20018000
                0x00000000                _Min_Heap_Size = 0x0
                0x00000400                _Min_Stack_Size = 0x400

.isr_vector     0x08000000      0x194
                0x08000000                . = ALIGN (0x4)
 *(.isr_vector)
 .isr_vector    0x08000000      0x194 Output/Libraries/Startup/startup_stm32f401xx.o
                0x08000000                g_pfnVectors
                0x08000194                . = ALIGN (0x4)

.text           0x08000194     0x3f80
                0x08000194                . = ALIGN (0x4)
 *(.text)
 .text          0x08000194       0xc8 /opt/toolchains/eabi/arm-2014.05/bin/../lib/gcc/arm-none-eabi/4.8.3/thumb2/crtbegin.o
 .text          0x0800025c       0x5c /opt/toolchains/eabi/arm-2014.05/bin/../lib/gcc/arm-none-eabi/4.8.3/../../../../arm-none-eabi/lib/thumb2/libc.a(lib_a-init.o)
                0x0800025c                __libc_init_array
 .text          0x080002b8       0xa8 /opt/toolchains/eabi/arm-2014.05/bin/../lib/gcc/arm-none-eabi/4.8.3/../../../../arm-none-eabi/lib/thumb2/libc.a(lib_a-memcpy-stub.o)
                0x080002b8                memcpy
 *(.text*)
 .text.NVIC_Init
                0x08000360       0xc0 Output/Libraries/STM32F4xx_StdPeriph_Driver/src/misc.o
                0x08000360                NVIC_Init
 .text.GPIO_Init
                0x08000420      0x1b8 Output/Libraries/STM32F4xx_StdPeriph_Driver/src/stm32f4xx_gpio.o
                0x08000420                GPIO_Init
 .text.GPIO_SetBits
                0x080005d8       0xb0 Output/Libraries/STM32F4xx_StdPeriph_Driver/src/stm32f4xx_gpio.o
                0x080005d8                GPIO_SetBits
 .text.GPIO_PinAFConfig
                0x08000688       0xf4 Output/Libraries/STM32F4xx_StdPeriph_Driver/src/stm32f4xx_gpio.o
                0x08000688                GPIO_PinAFConfig
 .text.I2C_Cmd  0x0800077c       0x6c Output/Libraries/STM32F4xx_StdPeriph_Driver/src/stm32f4xx_i2c.o
                0x0800077c                I2C_Cmd
 .text.I2C_GenerateSTOP
                0x080007e8       0x6c Output/Libraries/STM32F4xx_StdPeriph_Driver/src/stm32f4xx_i2c.o
                0x080007e8                I2C_GenerateSTOP
 .text.I2C_Send7bitAddress
                0x08000854       0x64 Output/Libraries/STM32F4xx_StdPeriph_Driver/src/stm32f4xx_i2c.o
                0x08000854                I2C_Send7bitAddress
 .text.I2C_AcknowledgeConfig
                0x080008b8       0x6c Output/Libraries/STM32F4xx_StdPeriph_Driver/src/stm32f4xx_i2c.o
                0x080008b8                I2C_AcknowledgeConfig
 .text.I2C_SendData
                0x08000924       0x40 Output/Libraries/STM32F4xx_StdPeriph_Driver/src/stm32f4xx_i2c.o
                0x08000924                I2C_SendData
 .text.I2C_ReceiveData
                0x08000964       0x40 Output/Libraries/STM32F4xx_StdPeriph_Driver/src/stm32f4xx_i2c.o
                0x08000964                I2C_ReceiveData
 .text.I2C_ReadRegister
                0x080009a4       0x74 Output/Libraries/STM32F4xx_StdPeriph_Driver/src/stm32f4xx_i2c.o
                0x080009a4                I2C_ReadRegister
 .text.I2C_ITConfig
                0x08000a18       0x88 Output/Libraries/STM32F4xx_StdPeriph_Driver/src/stm32f4xx_i2c.o
                0x08000a18                I2C_ITConfig
 .text.I2C_GetLastEvent
                0x08000aa0       0x48 Output/Libraries/STM32F4xx_StdPeriph_Driver/src/stm32f4xx_i2c.o
                0x08000aa0                I2C_GetLastEvent
 .text.I2C_GetFlagStatus
                0x08000ae8      0x138 Output/Libraries/STM32F4xx_StdPeriph_Driver/src/stm32f4xx_i2c.o
                0x08000ae8                I2C_GetFlagStatus
 .text.I2C_GetITStatus
                0x08000c20       0xf4 Output/Libraries/STM32F4xx_StdPeriph_Driver/src/stm32f4xx_i2c.o
                0x08000c20                I2C_GetITStatus
 .text.I2C_ClearITPendingBit
                0x08000d14       0x5c Output/Libraries/STM32F4xx_StdPeriph_Driver/src/stm32f4xx_i2c.o
                0x08000d14                I2C_ClearITPendingBit
 .text.NMI_Handler
                0x08000d70        0x4 Output/src/stm32f4xx_it.o
                0x08000d70                NMI_Handler
 .text.HardFault_Handler
                0x08000d74        0x4 Output/src/stm32f4xx_it.o
                0x08000d74                HardFault_Handler
 .text.MemManage_Handler
                0x08000d78        0x4 Output/src/stm32f4xx_it.o
                0x08000d78                MemManage_Handler
 .text.BusFault_Handler
                0x08000d7c        0x4 Output/src/stm32f4xx_it.o
                0x08000d7c                BusFault_Handler
 .text.UsageFault_Handler
                0x08000d80        0x4 Output/src/stm32f4xx_it.o
                0x08000d80                UsageFault_Handler
 .text.DebugMon_Handler
                0x08000d84        0x4 Output/src/stm32f4xx_it.o
                0x08000d84                DebugMon_Handler
 .text.RCC_GetClocksFreq
                0x08000d88       0xb0 Output/Libraries/STM32F4xx_StdPeriph_Driver/src/stm32f4xx_rcc.o
                0x08000d88                RCC_GetClocksFreq
 .text.RCC_AHB1PeriphClockCmd
                0x08000e38       0x64 Output/Libraries/STM32F4xx_StdPeriph_Driver/src/stm32f4xx_rcc.o
                0x08000e38                RCC_AHB1PeriphClockCmd
 .text.RCC_APB1PeriphClockCmd
                0x08000e9c       0x5c Output/Libraries/STM32F4xx_StdPeriph_Driver/src/stm32f4xx_rcc.o
                0x08000e9c                RCC_APB1PeriphClockCmd
 .text.USART_Init
                0x08000ef8      0x25c Output/Libraries/STM32F4xx_StdPeriph_Driver/src/stm32f4xx_usart.o
                0x08000ef8                USART_Init
 .text.USART_Cmd
                0x08001154       0xac Output/Libraries/STM32F4xx_StdPeriph_Driver/src/stm32f4xx_usart.o
                0x08001154                USART_Cmd
 .text.USART_SendData
                0x08001200       0x98 Output/Libraries/STM32F4xx_StdPeriph_Driver/src/stm32f4xx_usart.o
                0x08001200                USART_SendData
 .text.USART_ITConfig
                0x08001298      0x14c Output/Libraries/STM32F4xx_StdPeriph_Driver/src/stm32f4xx_usart.o
                0x08001298                USART_ITConfig
 .text.USART_GetITStatus
                0x080013e4      0x164 Output/Libraries/STM32F4xx_StdPeriph_Driver/src/stm32f4xx_usart.o
                0x080013e4                USART_GetITStatus
 .text.SystemInit
                0x08001548      0x120 Output/src/system_stm32f4xx.o
                0x08001548                SystemInit
 .text.vTask2   0x08001668       0x44 Output/src/main.o
                0x08001668                vTask2
 .text.vTask1   0x080016ac       0x44 Output/src/main.o
                0x080016ac                vTask1
 .text.startup.main
                0x080016f0       0x70 Output/src/main.o
                0x080016f0                main
 .text.assert_failed
                0x08001760        0x4 Output/src/main.o
                0x08001760                assert_failed
 .text.LED_Init
                0x08001764       0x38 Output/led/led.o
                0x08001764                LED_Init
 .text.LED_On   0x0800179c        0xc Output/led/led.o
                0x0800179c                LED_On
 .text.SPI2_IRQHandler
                0x080017a8       0xd4 Output/spi/spi.o
                0x080017a8                SPI2_IRQHandler
 .text.I2C1_ER_IRQHandler
                0x0800187c       0x4c Output/i2c/i2c.o
                0x0800187c                I2C1_ER_IRQHandler
 .text.I2C1_EV_IRQHandler
                0x080018c8      0x368 Output/i2c/i2c.o
                0x080018c8                I2C1_EV_IRQHandler
 .text.InitFifo
                0x08001c30       0x20 Output/fifo/fifo.o
                0x08001c30                InitFifo
 .text.PutFifo  0x08001c50       0x48 Output/fifo/fifo.o
                0x08001c50                PutFifo
 .text.GetFifo  0x08001c98       0x40 Output/fifo/fifo.o
                0x08001c98                GetFifo
 .text.USART_Config
                0x08001cd8       0x98 Output/usart/usart.o
                0x08001cd8                USART_Config
 .text.USART2_IRQHandler
                0x08001d70       0x50 Output/usart/usart.o
                0x08001d70                USART2_IRQHandler
 .text.vDebugPrintf
                0x08001dc0      0x324 Output/usart/usart.o
                0x08001dc0                vDebugPrintf
 .text.unlikely.prvInitialiseTaskLists
                0x080020e4       0x70 Output/Libraries/FreeRTOS/Source/tasks.o
 .text.xTaskGenericCreate
                0x08002154      0x1e8 Output/Libraries/FreeRTOS/Source/tasks.o
                0x08002154                xTaskGenericCreate
 .text.vTaskStartScheduler
                0x0800233c      0x13c Output/Libraries/FreeRTOS/Source/tasks.o
                0x0800233c                vTaskStartScheduler
 .text.vTaskSuspendAll
                0x08002478       0x10 Output/Libraries/FreeRTOS/Source/tasks.o
                0x08002478                vTaskSuspendAll
 .text.xTaskGetTickCount
                0x08002488       0x18 Output/Libraries/FreeRTOS/Source/tasks.o
                0x08002488                xTaskGetTickCount
 .text.xTaskIncrementTick
                0x080024a0      0x17c Output/Libraries/FreeRTOS/Source/tasks.o
                0x080024a0                xTaskIncrementTick
 .text.xTaskResumeAll
                0x0800261c       0xf0 Output/Libraries/FreeRTOS/Source/tasks.o
                0x0800261c                xTaskResumeAll
 .text.vTaskDelay
                0x0800270c       0x8c Output/Libraries/FreeRTOS/Source/tasks.o
                0x0800270c                vTaskDelay
 .text.prvIdleTask
                0x08002798       0x94 Output/Libraries/FreeRTOS/Source/tasks.o
 .text.vTaskSwitchContext
                0x0800282c       0x98 Output/Libraries/FreeRTOS/Source/tasks.o
                0x0800282c                vTaskSwitchContext
 .text.vTaskPlaceOnEventList
                0x080028c4       0x90 Output/Libraries/FreeRTOS/Source/tasks.o
                0x080028c4                vTaskPlaceOnEventList
 .text.vTaskPlaceOnEventListRestricted
                0x08002954       0x74 Output/Libraries/FreeRTOS/Source/tasks.o
                0x08002954                vTaskPlaceOnEventListRestricted
 .text.xTaskRemoveFromEventList
                0x080029c8       0x8c Output/Libraries/FreeRTOS/Source/tasks.o
                0x080029c8                xTaskRemoveFromEventList
 .text.vTaskSetTimeOutState
                0x08002a54       0x24 Output/Libraries/FreeRTOS/Source/tasks.o
                0x08002a54                vTaskSetTimeOutState
 .text.xTaskCheckForTimeOut
                0x08002a78       0x74 Output/Libraries/FreeRTOS/Source/tasks.o
                0x08002a78                xTaskCheckForTimeOut
 .text.vTaskMissedYield
                0x08002aec       0x10 Output/Libraries/FreeRTOS/Source/tasks.o
                0x08002aec                vTaskMissedYield
 .text.xTaskGetCurrentTaskHandle
                0x08002afc        0xc Output/Libraries/FreeRTOS/Source/tasks.o
                0x08002afc                xTaskGetCurrentTaskHandle
 .text.xTaskGetSchedulerState
                0x08002b08       0x24 Output/Libraries/FreeRTOS/Source/tasks.o
                0x08002b08                xTaskGetSchedulerState
 .text.vTaskPriorityInherit
                0x08002b2c       0x78 Output/Libraries/FreeRTOS/Source/tasks.o
                0x08002b2c                vTaskPriorityInherit
 .text.vTaskPriorityDisinherit
                0x08002ba4       0x54 Output/Libraries/FreeRTOS/Source/tasks.o
                0x08002ba4                vTaskPriorityDisinherit
 .text.unlikely.prvCopyDataFromQueue
                0x08002bf8       0x28 Output/Libraries/FreeRTOS/Source/queue.o
 .text.prvUnlockQueue
                0x08002c20       0x84 Output/Libraries/FreeRTOS/Source/queue.o
 .text.xQueueGenericCreate
                0x08002ca4       0x70 Output/Libraries/FreeRTOS/Source/queue.o
                0x08002ca4                xQueueGenericCreate
 .text.xQueueGenericSend
                0x08002d14      0x280 Output/Libraries/FreeRTOS/Source/queue.o
                0x08002d14                xQueueGenericSend
 .text.xQueueGenericSendFromISR
                0x08002f94      0x124 Output/Libraries/FreeRTOS/Source/queue.o
                0x08002f94                xQueueGenericSendFromISR
 .text.xQueueGenericReceive
                0x080030b8      0x240 Output/Libraries/FreeRTOS/Source/queue.o
                0x080030b8                xQueueGenericReceive
 .text.vQueueAddToRegistry
                0x080032f8       0x5c Output/Libraries/FreeRTOS/Source/queue.o
                0x080032f8                vQueueAddToRegistry
 .text.vQueueWaitForMessageRestricted
                0x08003354       0xb0 Output/Libraries/FreeRTOS/Source/queue.o
                0x08003354                vQueueWaitForMessageRestricted
 .text.vListInitialise
                0x08003404       0x18 Output/Libraries/FreeRTOS/Source/list.o
                0x08003404                vListInitialise
 .text.vListInitialiseItem
                0x0800341c        0x8 Output/Libraries/FreeRTOS/Source/list.o
                0x0800341c                vListInitialiseItem
 .text.vListInsertEnd
                0x08003424       0x20 Output/Libraries/FreeRTOS/Source/list.o
                0x08003424                vListInsertEnd
 .text.vListInsert
                0x08003444       0x34 Output/Libraries/FreeRTOS/Source/list.o
                0x08003444                vListInsert
 .text.uxListRemove
                0x08003478       0x28 Output/Libraries/FreeRTOS/Source/list.o
                0x08003478                uxListRemove
 .text.xTimerCreateTimerTask
                0x080034a0       0xb4 Output/Libraries/FreeRTOS/Source/timers.o
                0x080034a0                xTimerCreateTimerTask
 .text.xTimerGenericCommand
                0x08003554       0x54 Output/Libraries/FreeRTOS/Source/timers.o
                0x08003554                xTimerGenericCommand
 .text.prvTimerTask
                0x080035a8      0x31c Output/Libraries/FreeRTOS/Source/timers.o
 .text.pvPortMalloc
                0x080038c4       0x5c Output/Libraries/FreeRTOS/Source/portable/MemMang/heap_1.o
                0x080038c4                pvPortMalloc
 .text.vPortFree
                0x08003920        0xc Output/Libraries/FreeRTOS/Source/portable/MemMang/heap_1.o
                0x08003920                vPortFree
 .text.prvPortStartFirstTask
                0x0800392c       0x1c Output/Libraries/FreeRTOS/Source/portable/GCC/ARM_CM4F/port.o
 .text.vPortEnableVFP
                0x08003948       0x14 Output/Libraries/FreeRTOS/Source/portable/GCC/ARM_CM4F/port.o
 .text.pxPortInitialiseStack
                0x0800395c       0x2c Output/Libraries/FreeRTOS/Source/portable/GCC/ARM_CM4F/port.o
                0x0800395c                pxPortInitialiseStack
 .text.SVC_Handler
                0x08003988       0x20 Output/Libraries/FreeRTOS/Source/portable/GCC/ARM_CM4F/port.o
                0x08003988                SVC_Handler
 .text.vPortYield
                0x080039a8       0x18 Output/Libraries/FreeRTOS/Source/portable/GCC/ARM_CM4F/port.o
                0x080039a8                vPortYield
 .text.ulPortSetInterruptMask
                0x080039c0       0x10 Output/Libraries/FreeRTOS/Source/portable/GCC/ARM_CM4F/port.o
                0x080039c0                ulPortSetInterruptMask
 .text.prvTaskExitError
                0x080039d0       0x1c Output/Libraries/FreeRTOS/Source/portable/GCC/ARM_CM4F/port.o
 .text.vPortEnterCritical
                0x080039ec       0x20 Output/Libraries/FreeRTOS/Source/portable/GCC/ARM_CM4F/port.o
                0x080039ec                vPortEnterCritical
 .text.vPortClearInterruptMask
                0x08003a0c        0x8 Output/Libraries/FreeRTOS/Source/portable/GCC/ARM_CM4F/port.o
                0x08003a0c                vPortClearInterruptMask
 .text.vPortExitCritical
                0x08003a14       0x24 Output/Libraries/FreeRTOS/Source/portable/GCC/ARM_CM4F/port.o
                0x08003a14                vPortExitCritical
 .text.PendSV_Handler
                0x08003a38       0x58 Output/Libraries/FreeRTOS/Source/portable/GCC/ARM_CM4F/port.o
                0x08003a38                PendSV_Handler
 .text.SysTick_Handler
                0x08003a90       0x24 Output/Libraries/FreeRTOS/Source/portable/GCC/ARM_CM4F/port.o
                0x08003a90                SysTick_Handler
 .text.vPortSetupTimerInterrupt
                0x08003ab4       0x20 Output/Libraries/FreeRTOS/Source/portable/GCC/ARM_CM4F/port.o
                0x08003ab4                vPortSetupTimerInterrupt
 .text.xPortStartScheduler
                0x08003ad4       0xbc Output/Libraries/FreeRTOS/Source/portable/GCC/ARM_CM4F/port.o
                0x08003ad4                xPortStartScheduler
 .text.vPortValidateInterruptPriority
                0x08003b90       0x4c Output/Libraries/FreeRTOS/Source/portable/GCC/ARM_CM4F/port.o
                0x08003b90                vPortValidateInterruptPriority
 .text.SPI_Cmd  0x08003bdc       0x94 Output/Libraries/STM32F4xx_StdPeriph_Driver/src/stm32f4xx_spi.o
                0x08003bdc                SPI_Cmd
 .text.SPI_I2S_ReceiveData
                0x08003c70       0x78 Output/Libraries/STM32F4xx_StdPeriph_Driver/src/stm32f4xx_spi.o
                0x08003c70                SPI_I2S_ReceiveData
 .text.SPI_I2S_SendData
                0x08003ce8       0x78 Output/Libraries/STM32F4xx_StdPeriph_Driver/src/stm32f4xx_spi.o
                0x08003ce8                SPI_I2S_SendData
 .text.SPI_I2S_ITConfig
                0x08003d60       0xc4 Output/Libraries/STM32F4xx_StdPeriph_Driver/src/stm32f4xx_spi.o
                0x08003d60                SPI_I2S_ITConfig
 .text.SPI_I2S_GetITStatus
                0x08003e24       0xbc Output/Libraries/STM32F4xx_StdPeriph_Driver/src/stm32f4xx_spi.o
                0x08003e24                SPI_I2S_GetITStatus
 .text.Reset_Handler
                0x08003ee0       0x48 Output/Libraries/Startup/startup_stm32f401xx.o
                0x08003ee0                Reset_Handler
 .text.Default_Handler
                0x08003f28        0x2 Output/Libraries/Startup/startup_stm32f401xx.o
                0x08003f28                RTC_Alarm_IRQHandler
                0x08003f28                EXTI2_IRQHandler
                0x08003f28                SPI4_IRQHandler
                0x08003f28                TIM1_CC_IRQHandler
                0x08003f28                DMA2_Stream5_IRQHandler
                0x08003f28                DMA1_Stream5_IRQHandler
                0x08003f28                PVD_IRQHandler
                0x08003f28                SDIO_IRQHandler
                0x08003f28                TAMP_STAMP_IRQHandler
                0x08003f28                EXTI3_IRQHandler
                0x08003f28                TIM1_UP_TIM10_IRQHandler
                0x08003f28                I2C3_ER_IRQHandler
                0x08003f28                EXTI0_IRQHandler
                0x08003f28                I2C2_EV_IRQHandler
                0x08003f28                DMA1_Stream2_IRQHandler
                0x08003f28                FPU_IRQHandler
                0x08003f28                DMA2_Stream2_IRQHandler
                0x08003f28                SPI1_IRQHandler
                0x08003f28                TIM1_BRK_TIM9_IRQHandler
                0x08003f28                DMA2_Stream3_IRQHandler
                0x08003f28                USART6_IRQHandler
                0x08003f28                DMA2_Stream0_IRQHandler
                0x08003f28                TIM4_IRQHandler
                0x08003f28                DMA1_Stream6_IRQHandler
                0x08003f28                DMA1_Stream1_IRQHandler
                0x08003f28                TIM3_IRQHandler
                0x08003f28                RCC_IRQHandler
                0x08003f28                Default_Handler
                0x08003f28                EXTI15_10_IRQHandler
                0x08003f28                ADC_IRQHandler
                0x08003f28                DMA1_Stream7_IRQHandler
                0x08003f28                TIM5_IRQHandler
                0x08003f28                DMA2_Stream7_IRQHandler
                0x08003f28                I2C3_EV_IRQHandler
                0x08003f28                EXTI9_5_IRQHandler
                0x08003f28                RTC_WKUP_IRQHandler
                0x08003f28                DMA1_Stream0_IRQHandler
                0x08003f28                EXTI4_IRQHandler
                0x08003f28                WWDG_IRQHandler
                0x08003f28                TIM2_IRQHandler
                0x08003f28                OTG_FS_WKUP_IRQHandler
                0x08003f28                TIM1_TRG_COM_TIM11_IRQHandler
                0x08003f28                EXTI1_IRQHandler
                0x08003f28                I2C2_ER_IRQHandler
                0x08003f28                DMA2_Stream1_IRQHandler
                0x08003f28                FLASH_IRQHandler
                0x08003f28                DMA2_Stream4_IRQHandler
                0x08003f28                USART1_IRQHandler
                0x08003f28                OTG_FS_IRQHandler
                0x08003f28                SPI3_IRQHandler
                0x08003f28                DMA1_Stream4_IRQHandler
                0x08003f28                DMA2_Stream6_IRQHandler
                0x08003f28                DMA1_Stream3_IRQHandler
 *(.rodata)
 *(.rodata*)
 *fill*         0x08003f2a        0x2 
 .rodata.str1.4
                0x08003f2c       0x30 Output/Libraries/STM32F4xx_StdPeriph_Driver/src/misc.o
 .rodata.str1.4
                0x08003f5c       0x3a Output/Libraries/STM32F4xx_StdPeriph_Driver/src/stm32f4xx_gpio.o
                                 0x3c (size before relaxing)
 *fill*         0x08003f96        0x2 
 .rodata.str1.4
                0x08003f98       0x39 Output/Libraries/STM32F4xx_StdPeriph_Driver/src/stm32f4xx_i2c.o
                                 0x3c (size before relaxing)
 *fill*         0x08003fd1        0x3 
 .rodata.str1.4
                0x08003fd4       0x39 Output/Libraries/STM32F4xx_StdPeriph_Driver/src/stm32f4xx_rcc.o
                                 0x3c (size before relaxing)
 *fill*         0x0800400d        0x3 
 .rodata.str1.4
                0x08004010       0x3b Output/Libraries/STM32F4xx_StdPeriph_Driver/src/stm32f4xx_usart.o
                                 0x3c (size before relaxing)
 *fill*         0x0800404b        0x1 
 .rodata.str1.4
                0x0800404c       0x62 Output/src/main.o
                                 0x64 (size before relaxing)
 *fill*         0x080040ae        0x2 
 .rodata.str1.4
                0x080040b0       0x10 Output/Libraries/FreeRTOS/Source/timers.o
 .rodata.str1.4
                0x080040c0       0x3c Output/Libraries/STM32F4xx_StdPeriph_Driver/src/stm32f4xx_spi.o
 *(.glue_7)
 .glue_7        0x00000000        0x0 linker stubs
 *(.glue_7t)
 .glue_7t       0x00000000        0x0 linker stubs
 *(.eh_frame)
 .eh_frame      0x080040fc        0x0 /opt/toolchains/eabi/arm-2014.05/bin/../lib/gcc/arm-none-eabi/4.8.3/thumb2/crtbegin.o
 *(.init)
 .init          0x080040fc        0x4 /opt/toolchains/eabi/arm-2014.05/bin/../lib/gcc/arm-none-eabi/4.8.3/thumb2/crti.o
                0x080040fc                _init
 .init          0x08004100        0x8 /opt/toolchains/eabi/arm-2014.05/bin/../lib/gcc/arm-none-eabi/4.8.3/thumb2/crtn.o
 *(.fini)
 .fini          0x08004108        0x4 /opt/toolchains/eabi/arm-2014.05/bin/../lib/gcc/arm-none-eabi/4.8.3/thumb2/crti.o
                0x08004108                _fini
 .fini          0x0800410c        0x8 /opt/toolchains/eabi/arm-2014.05/bin/../lib/gcc/arm-none-eabi/4.8.3/thumb2/crtn.o
                0x08004114                . = ALIGN (0x4)
                0x08004114                _etext = .

.vfp11_veneer   0x08004114        0x0
 .vfp11_veneer  0x00000000        0x0 linker stubs

.v4_bx          0x08004114        0x0
 .v4_bx         0x00000000        0x0 linker stubs

.iplt           0x08004114        0x0
 .iplt          0x00000000        0x0 /opt/toolchains/eabi/arm-2014.05/bin/../lib/gcc/arm-none-eabi/4.8.3/thumb2/crtbegin.o

.rel.dyn        0x08004114        0x0
 .rel.iplt      0x00000000        0x0 /opt/toolchains/eabi/arm-2014.05/bin/../lib/gcc/arm-none-eabi/4.8.3/thumb2/crtbegin.o

.ARM.extab
 *(.ARM.extab* .gnu.linkonce.armextab.*)

.ARM            0x08004114        0x0
                0x08004114                __exidx_start = .
 *(.ARM.exidx*)
                0x08004114                __exidx_end = .

.preinit_array  0x08004114        0x0
                0x08004114                PROVIDE (__preinit_array_start, .)
 *(.preinit_array*)
                0x08004114                PROVIDE (__preinit_array_end, .)

.init_array     0x08004114        0x4
                0x08004114                PROVIDE (__init_array_start, .)
 *(SORT(.init_array.*))
 *(.init_array*)
 .init_array    0x08004114        0x4 /opt/toolchains/eabi/arm-2014.05/bin/../lib/gcc/arm-none-eabi/4.8.3/thumb2/crtbegin.o
                0x08004118                PROVIDE (__init_array_end, .)

.fini_array     0x08004118        0x4
                0x08004118                PROVIDE (__fini_array_start, .)
 *(.fini_array*)
 .fini_array    0x08004118        0x4 /opt/toolchains/eabi/arm-2014.05/bin/../lib/gcc/arm-none-eabi/4.8.3/thumb2/crtbegin.o
 *(SORT(.fini_array.*))
                0x0800411c                PROVIDE (__fini_array_end, .)
                0x0800411c                _sidata = .

.data           0x20000000       0x20 load address 0x0800411c
                0x20000000                . = ALIGN (0x4)
                0x20000000                _sdata = .
 *(.data)
 *(.data*)
 .data.APBAHBPrescTable
                0x20000000       0x10 Output/Libraries/STM32F4xx_StdPeriph_Driver/src/stm32f4xx_rcc.o
 .data.j.8845   0x20000010        0x2 Output/src/main.o
 *fill*         0x20000012        0x2 
 .data.SPI_Buffer
                0x20000014        0x4 Output/spi/spi.o
                0x20000014                SPI_Buffer
 .data.xNextTaskUnblockTime
                0x20000018        0x4 Output/Libraries/FreeRTOS/Source/tasks.o
 .data.uxCriticalNesting
                0x2000001c        0x4 Output/Libraries/FreeRTOS/Source/portable/GCC/ARM_CM4F/port.o
                0x20000020                . = ALIGN (0x4)
                0x20000020                _edata = .

.jcr            0x20000020        0x0 load address 0x0800413c
 .jcr           0x20000020        0x0 /opt/toolchains/eabi/arm-2014.05/bin/../lib/gcc/arm-none-eabi/4.8.3/thumb2/crtbegin.o

.tm_clone_table
                0x20000020        0x0 load address 0x0800413c
 .tm_clone_table
                0x20000020        0x0 /opt/toolchains/eabi/arm-2014.05/bin/../lib/gcc/arm-none-eabi/4.8.3/thumb2/crtbegin.o
 .tm_clone_table
                0x20000020        0x0 /opt/toolchains/eabi/arm-2014.05/bin/../lib/gcc/arm-none-eabi/4.8.3/thumb2/crtend.o

.igot.plt       0x20000020        0x0 load address 0x0800413c
 .igot.plt      0x00000000        0x0 /opt/toolchains/eabi/arm-2014.05/bin/../lib/gcc/arm-none-eabi/4.8.3/thumb2/crtbegin.o
                0x20000020                . = ALIGN (0x4)

.bss            0x20000020     0x2684 load address 0x0800413c
                0x20000020                _sbss = .
                0x20000020                __bss_start__ = _sbss
 *(.bss)
 .bss           0x20000020       0x1c /opt/toolchains/eabi/arm-2014.05/bin/../lib/gcc/arm-none-eabi/4.8.3/thumb2/crtbegin.o
 *(.bss*)
 .bss.TxComplete_f
                0x2000003c        0x1 Output/i2c/i2c.o
                0x2000003c                TxComplete_f
 *fill*         0x2000003d        0x3 
 .bss.Event     0x20000040        0x4 Output/i2c/i2c.o
                0x20000040                Event
 .bss.RxComplete_f
                0x20000044        0x1 Output/i2c/i2c.o
                0x20000044                RxComplete_f
 *fill*         0x20000045        0x3 
 .bss.pxDelayedTaskList
                0x20000048        0x4 Output/Libraries/FreeRTOS/Source/tasks.o
 .bss.xSchedulerRunning
                0x2000004c        0x4 Output/Libraries/FreeRTOS/Source/tasks.o
 .bss.uxTasksDeleted
                0x20000050        0x4 Output/Libraries/FreeRTOS/Source/tasks.o
 .bss.xTasksWaitingTermination
                0x20000054       0x14 Output/Libraries/FreeRTOS/Source/tasks.o
 .bss.pxReadyTasksLists
                0x20000068       0x64 Output/Libraries/FreeRTOS/Source/tasks.o
 .bss.uxSchedulerSuspended
                0x200000cc        0x4 Output/Libraries/FreeRTOS/Source/tasks.o
 .bss.uxCurrentNumberOfTasks
                0x200000d0        0x4 Output/Libraries/FreeRTOS/Source/tasks.o
 .bss.pxCurrentTCB
                0x200000d4        0x4 Output/Libraries/FreeRTOS/Source/tasks.o
                0x200000d4                pxCurrentTCB
 .bss.xPendingReadyList
                0x200000d8       0x14 Output/Libraries/FreeRTOS/Source/tasks.o
 .bss.xNumOfOverflows
                0x200000ec        0x4 Output/Libraries/FreeRTOS/Source/tasks.o
 .bss.xTickCount
                0x200000f0        0x4 Output/Libraries/FreeRTOS/Source/tasks.o
 .bss.pxOverflowDelayedTaskList
                0x200000f4        0x4 Output/Libraries/FreeRTOS/Source/tasks.o
 .bss.uxTaskNumber
                0x200000f8        0x4 Output/Libraries/FreeRTOS/Source/tasks.o
 .bss.xDelayedTaskList1
                0x200000fc       0x14 Output/Libraries/FreeRTOS/Source/tasks.o
 .bss.xDelayedTaskList2
                0x20000110       0x14 Output/Libraries/FreeRTOS/Source/tasks.o
 .bss.uxPendedTicks
                0x20000124        0x4 Output/Libraries/FreeRTOS/Source/tasks.o
 .bss.xSuspendedTaskList
                0x20000128       0x14 Output/Libraries/FreeRTOS/Source/tasks.o
 .bss.uxTopReadyPriority
                0x2000013c        0x4 Output/Libraries/FreeRTOS/Source/tasks.o
 .bss.xYieldPending
                0x20000140        0x4 Output/Libraries/FreeRTOS/Source/tasks.o
 .bss.pxCurrentTimerList
                0x20000144        0x4 Output/Libraries/FreeRTOS/Source/timers.o
 .bss.xActiveTimerList1
                0x20000148       0x14 Output/Libraries/FreeRTOS/Source/timers.o
 .bss.xActiveTimerList2
                0x2000015c       0x14 Output/Libraries/FreeRTOS/Source/timers.o
 .bss.xLastTime.8634
                0x20000170        0x4 Output/Libraries/FreeRTOS/Source/timers.o
 .bss.xTimerQueue
                0x20000174        0x4 Output/Libraries/FreeRTOS/Source/timers.o
 .bss.pxOverflowTimerList
                0x20000178        0x4 Output/Libraries/FreeRTOS/Source/timers.o
 .bss.xNextFreeByte
                0x2000017c        0x4 Output/Libraries/FreeRTOS/Source/portable/MemMang/heap_1.o
 .bss.ucHeap    0x20000180     0x2000 Output/Libraries/FreeRTOS/Source/portable/MemMang/heap_1.o
 .bss.pucAlignedHeap.8386
                0x20002180        0x4 Output/Libraries/FreeRTOS/Source/portable/MemMang/heap_1.o
 .bss.ucMaxSysCallPriority
                0x20002184        0x1 Output/Libraries/FreeRTOS/Source/portable/GCC/ARM_CM4F/port.o
 *fill*         0x20002185        0x3 
 .bss.ulMaxPRIGROUPValue
                0x20002188        0x4 Output/Libraries/FreeRTOS/Source/portable/GCC/ARM_CM4F/port.o
 *(COMMON)
 COMMON         0x2000218c      0x3fc Output/src/main.o
                0x2000218c                GETPT
                0x20002190                SPI_MODE
                0x20002194                GPIO_InitStructure
                0x2000219c                PUTPT
                0x200021a0                Fifo
 COMMON         0x20002588        0x1 Output/spi/spi.o
                0x20002588                SPI_index
 *fill*         0x20002589        0x3 
 COMMON         0x2000258c       0xd8 Output/i2c/i2c.o
                0x2000258c                byte2Read
                0x2000258d                TX_OK
                0x20002590                RX_Buffer
                0x200025f4                mode
                0x200025f8                buffer
                0x2000265e                index
                0x20002660                MasterTxBuffer
                0x20002663                len
 COMMON         0x20002664       0x40 Output/Libraries/FreeRTOS/Source/queue.o
                0x20002664                xQueueRegistry
                0x200026a4                . = ALIGN (0x4)
                0x200026a4                _ebss = .
                0x200026a4                __bss_end__ = _ebss

._user_heap_stack
                0x200026a4      0x400 load address 0x080067c0
                0x200026a4                . = ALIGN (0x4)
                0x200026a4                PROVIDE (end, .)
                0x200026a4                PROVIDE (_end, .)
                0x200026a4                . = (. + _Min_Heap_Size)
                0x20002aa4                . = (. + _Min_Stack_Size)
 *fill*         0x200026a4      0x400 
                0x20002aa4                . = ALIGN (0x4)

.memory_b1_text
 *(.mb1text)
 *(.mb1text*)
 *(.mb1rodata)
 *(.mb1rodata*)

/DISCARD/
 libc.a(*)
 libm.a(*)
 libgcc.a(*)

.ARM.attributes
                0x00000000       0x33
 *(.ARM.attributes)
 .ARM.attributes
                0x00000000       0x19 /opt/toolchains/eabi/arm-2014.05/bin/../lib/gcc/arm-none-eabi/4.8.3/thumb2/crti.o
 .ARM.attributes
                0x00000019       0x29 /opt/toolchains/eabi/arm-2014.05/bin/../lib/gcc/arm-none-eabi/4.8.3/thumb2/crtbegin.o
 .ARM.attributes
                0x00000042       0x39 Output/Libraries/STM32F4xx_StdPeriph_Driver/src/misc.o
 .ARM.attributes
                0x0000007b       0x39 Output/Libraries/STM32F4xx_StdPeriph_Driver/src/stm32f4xx_gpio.o
 .ARM.attributes
                0x000000b4       0x39 Output/Libraries/STM32F4xx_StdPeriph_Driver/src/stm32f4xx_i2c.o
 .ARM.attributes
                0x000000ed       0x39 Output/src/stm32f4xx_it.o
 .ARM.attributes
                0x00000126       0x39 Output/Libraries/STM32F4xx_StdPeriph_Driver/src/stm32f4xx_rcc.o
 .ARM.attributes
                0x0000015f       0x39 Output/Libraries/STM32F4xx_StdPeriph_Driver/src/stm32f4xx_usart.o
 .ARM.attributes
                0x00000198       0x39 Output/src/system_stm32f4xx.o
 .ARM.attributes
                0x000001d1       0x39 Output/src/main.o
 .ARM.attributes
                0x0000020a       0x39 Output/led/led.o
 .ARM.attributes
                0x00000243       0x39 Output/spi/spi.o
 .ARM.attributes
                0x0000027c       0x39 Output/i2c/i2c.o
 .ARM.attributes
                0x000002b5       0x39 Output/fifo/fifo.o
 .ARM.attributes
                0x000002ee       0x39 Output/usart/usart.o
 .ARM.attributes
                0x00000327       0x39 Output/Libraries/FreeRTOS/Source/tasks.o
 .ARM.attributes
                0x00000360       0x39 Output/Libraries/FreeRTOS/Source/queue.o
 .ARM.attributes
                0x00000399       0x39 Output/Libraries/FreeRTOS/Source/list.o
 .ARM.attributes
                0x000003d2       0x39 Output/Libraries/FreeRTOS/Source/timers.o
 .ARM.attributes
                0x0000040b       0x39 Output/Libraries/FreeRTOS/Source/portable/MemMang/heap_1.o
 .ARM.attributes
                0x00000444       0x39 Output/Libraries/FreeRTOS/Source/portable/GCC/ARM_CM4F/port.o
 .ARM.attributes
                0x0000047d       0x39 Output/Libraries/STM32F4xx_StdPeriph_Driver/src/stm32f4xx_spi.o
 .ARM.attributes
                0x000004b6       0x21 Output/Libraries/Startup/startup_stm32f401xx.o
 .ARM.attributes
                0x000004d7       0x29 /opt/toolchains/eabi/arm-2014.05/bin/../lib/gcc/arm-none-eabi/4.8.3/../../../../arm-none-eabi/lib/thumb2/libc.a(lib_a-init.o)
 .ARM.attributes
                0x00000500       0x29 /opt/toolchains/eabi/arm-2014.05/bin/../lib/gcc/arm-none-eabi/4.8.3/../../../../arm-none-eabi/lib/thumb2/libc.a(lib_a-memcpy-stub.o)
 .ARM.attributes
                0x00000529       0x29 /opt/toolchains/eabi/arm-2014.05/bin/../lib/gcc/arm-none-eabi/4.8.3/thumb2/crtend.o
 .ARM.attributes
                0x00000552       0x19 /opt/toolchains/eabi/arm-2014.05/bin/../lib/gcc/arm-none-eabi/4.8.3/thumb2/crtn.o
OUTPUT(Output/SPI_Nucleo.elf elf32-littlearm)

.debug_info     0x00000000     0xf866
 .debug_info    0x00000000      0x6b0 Output/Libraries/STM32F4xx_StdPeriph_Driver/src/misc.o
 .debug_info    0x000006b0      0xbbc Output/Libraries/STM32F4xx_StdPeriph_Driver/src/stm32f4xx_gpio.o
 .debug_info    0x0000126c     0x1508 Output/Libraries/STM32F4xx_StdPeriph_Driver/src/stm32f4xx_i2c.o
 .debug_info    0x00002774      0x113 Output/src/stm32f4xx_it.o
 .debug_info    0x00002887     0x16e5 Output/Libraries/STM32F4xx_StdPeriph_Driver/src/stm32f4xx_rcc.o
 .debug_info    0x00003f6c     0x13f5 Output/Libraries/STM32F4xx_StdPeriph_Driver/src/stm32f4xx_usart.o
 .debug_info    0x00005361      0x649 Output/src/system_stm32f4xx.o
 .debug_info    0x000059aa      0x709 Output/src/main.o
 .debug_info    0x000060b3      0x3a7 Output/led/led.o
 .debug_info    0x0000645a      0xb19 Output/spi/spi.o
 .debug_info    0x00006f73      0xfef Output/i2c/i2c.o
 .debug_info    0x00007f62      0x2c5 Output/fifo/fifo.o
 .debug_info    0x00008227      0xdb3 Output/usart/usart.o
 .debug_info    0x00008fda     0x1e06 Output/Libraries/FreeRTOS/Source/tasks.o
 .debug_info    0x0000ade0     0x19fc Output/Libraries/FreeRTOS/Source/queue.o
 .debug_info    0x0000c7dc      0x2e0 Output/Libraries/FreeRTOS/Source/list.o
 .debug_info    0x0000cabc     0x1330 Output/Libraries/FreeRTOS/Source/timers.o
 .debug_info    0x0000ddec      0x1f4 Output/Libraries/FreeRTOS/Source/portable/MemMang/heap_1.o
 .debug_info    0x0000dfe0      0x437 Output/Libraries/FreeRTOS/Source/portable/GCC/ARM_CM4F/port.o
 .debug_info    0x0000e417     0x144f Output/Libraries/STM32F4xx_StdPeriph_Driver/src/stm32f4xx_spi.o

.debug_abbrev   0x00000000     0x2ac1
 .debug_abbrev  0x00000000      0x169 Output/Libraries/STM32F4xx_StdPeriph_Driver/src/misc.o
 .debug_abbrev  0x00000169      0x225 Output/Libraries/STM32F4xx_StdPeriph_Driver/src/stm32f4xx_gpio.o
 .debug_abbrev  0x0000038e      0x204 Output/Libraries/STM32F4xx_StdPeriph_Driver/src/stm32f4xx_i2c.o
 .debug_abbrev  0x00000592       0x69 Output/src/stm32f4xx_it.o
 .debug_abbrev  0x000005fb      0x297 Output/Libraries/STM32F4xx_StdPeriph_Driver/src/stm32f4xx_rcc.o
 .debug_abbrev  0x00000892      0x200 Output/Libraries/STM32F4xx_StdPeriph_Driver/src/stm32f4xx_usart.o
 .debug_abbrev  0x00000a92      0x161 Output/src/system_stm32f4xx.o
 .debug_abbrev  0x00000bf3      0x240 Output/src/main.o
 .debug_abbrev  0x00000e33      0x183 Output/led/led.o
 .debug_abbrev  0x00000fb6      0x1e2 Output/spi/spi.o
 .debug_abbrev  0x00001198      0x357 Output/i2c/i2c.o
 .debug_abbrev  0x000014ef      0x16a Output/fifo/fifo.o
 .debug_abbrev  0x00001659      0x343 Output/usart/usart.o
 .debug_abbrev  0x0000199c      0x3d3 Output/Libraries/FreeRTOS/Source/tasks.o
 .debug_abbrev  0x00001d6f      0x386 Output/Libraries/FreeRTOS/Source/queue.o
 .debug_abbrev  0x000020f5      0x112 Output/Libraries/FreeRTOS/Source/list.o
 .debug_abbrev  0x00002207      0x342 Output/Libraries/FreeRTOS/Source/timers.o
 .debug_abbrev  0x00002549      0x159 Output/Libraries/FreeRTOS/Source/portable/MemMang/heap_1.o
 .debug_abbrev  0x000026a2      0x20b Output/Libraries/FreeRTOS/Source/portable/GCC/ARM_CM4F/port.o
 .debug_abbrev  0x000028ad      0x214 Output/Libraries/STM32F4xx_StdPeriph_Driver/src/stm32f4xx_spi.o

.debug_loc      0x00000000     0xab78
 .debug_loc     0x00000000      0x29f Output/Libraries/STM32F4xx_StdPeriph_Driver/src/misc.o
 .debug_loc     0x0000029f      0x94e Output/Libraries/STM32F4xx_StdPeriph_Driver/src/stm32f4xx_gpio.o
 .debug_loc     0x00000bed     0x11e5 Output/Libraries/STM32F4xx_StdPeriph_Driver/src/stm32f4xx_i2c.o
 .debug_loc     0x00001dd2     0x1a05 Output/Libraries/STM32F4xx_StdPeriph_Driver/src/stm32f4xx_rcc.o
 .debug_loc     0x000037d7     0x1430 Output/Libraries/STM32F4xx_StdPeriph_Driver/src/stm32f4xx_usart.o
 .debug_loc     0x00004c07      0x14d Output/src/system_stm32f4xx.o
 .debug_loc     0x00004d54      0x173 Output/src/main.o
 .debug_loc     0x00004ec7       0x2c Output/led/led.o
 .debug_loc     0x00004ef3       0xad Output/spi/spi.o
 .debug_loc     0x00004fa0      0x1a3 Output/i2c/i2c.o
 .debug_loc     0x00005143       0xbe Output/fifo/fifo.o
 .debug_loc     0x00005201      0x769 Output/usart/usart.o
 .debug_loc     0x0000596a     0x197f Output/Libraries/FreeRTOS/Source/tasks.o
 .debug_loc     0x000072e9     0x188a Output/Libraries/FreeRTOS/Source/queue.o
 .debug_loc     0x00008b73       0xc9 Output/Libraries/FreeRTOS/Source/list.o
 .debug_loc     0x00008c3c      0xb8f Output/Libraries/FreeRTOS/Source/timers.o
 .debug_loc     0x000097cb      0x11a Output/Libraries/FreeRTOS/Source/portable/MemMang/heap_1.o
 .debug_loc     0x000098e5      0x1af Output/Libraries/FreeRTOS/Source/portable/GCC/ARM_CM4F/port.o
 .debug_loc     0x00009a94     0x10e4 Output/Libraries/STM32F4xx_StdPeriph_Driver/src/stm32f4xx_spi.o

.debug_aranges  0x00000000      0xac8
 .debug_aranges
                0x00000000       0x40 Output/Libraries/STM32F4xx_StdPeriph_Driver/src/misc.o
 .debug_aranges
                0x00000040       0x88 Output/Libraries/STM32F4xx_StdPeriph_Driver/src/stm32f4xx_gpio.o
 .debug_aranges
                0x000000c8      0x130 Output/Libraries/STM32F4xx_StdPeriph_Driver/src/stm32f4xx_i2c.o
 .debug_aranges
                0x000001f8       0x48 Output/src/stm32f4xx_it.o
 .debug_aranges
                0x00000240      0x1a8 Output/Libraries/STM32F4xx_StdPeriph_Driver/src/stm32f4xx_rcc.o
 .debug_aranges
                0x000003e8      0x100 Output/Libraries/STM32F4xx_StdPeriph_Driver/src/stm32f4xx_usart.o
 .debug_aranges
                0x000004e8       0x28 Output/src/system_stm32f4xx.o
 .debug_aranges
                0x00000510       0x40 Output/src/main.o
 .debug_aranges
                0x00000550       0x30 Output/led/led.o
 .debug_aranges
                0x00000580       0x38 Output/spi/spi.o
 .debug_aranges
                0x000005b8       0x70 Output/i2c/i2c.o
 .debug_aranges
                0x00000628       0x30 Output/fifo/fifo.o
 .debug_aranges
                0x00000658       0x48 Output/usart/usart.o
 .debug_aranges
                0x000006a0      0x120 Output/Libraries/FreeRTOS/Source/tasks.o
 .debug_aranges
                0x000007c0       0xc8 Output/Libraries/FreeRTOS/Source/queue.o
 .debug_aranges
                0x00000888       0x40 Output/Libraries/FreeRTOS/Source/list.o
 .debug_aranges
                0x000008c8       0x50 Output/Libraries/FreeRTOS/Source/timers.o
 .debug_aranges
                0x00000918       0x38 Output/Libraries/FreeRTOS/Source/portable/MemMang/heap_1.o
 .debug_aranges
                0x00000950       0x98 Output/Libraries/FreeRTOS/Source/portable/GCC/ARM_CM4F/port.o
 .debug_aranges
                0x000009e8       0xe0 Output/Libraries/STM32F4xx_StdPeriph_Driver/src/stm32f4xx_spi.o

.debug_ranges   0x00000000     0x1178
 .debug_ranges  0x00000000       0x30 Output/Libraries/STM32F4xx_StdPeriph_Driver/src/misc.o
 .debug_ranges  0x00000030       0x78 Output/Libraries/STM32F4xx_StdPeriph_Driver/src/stm32f4xx_gpio.o
 .debug_ranges  0x000000a8      0x120 Output/Libraries/STM32F4xx_StdPeriph_Driver/src/stm32f4xx_i2c.o
 .debug_ranges  0x000001c8       0x38 Output/src/stm32f4xx_it.o
 .debug_ranges  0x00000200      0x1b0 Output/Libraries/STM32F4xx_StdPeriph_Driver/src/stm32f4xx_rcc.o
 .debug_ranges  0x000003b0       0xf0 Output/Libraries/STM32F4xx_StdPeriph_Driver/src/stm32f4xx_usart.o
 .debug_ranges  0x000004a0       0x30 Output/src/system_stm32f4xx.o
 .debug_ranges  0x000004d0       0x60 Output/src/main.o
 .debug_ranges  0x00000530       0x20 Output/led/led.o
 .debug_ranges  0x00000550       0x28 Output/spi/spi.o
 .debug_ranges  0x00000578       0xa8 Output/i2c/i2c.o
 .debug_ranges  0x00000620       0x20 Output/fifo/fifo.o
 .debug_ranges  0x00000640      0x108 Output/usart/usart.o
 .debug_ranges  0x00000748      0x4a0 Output/Libraries/FreeRTOS/Source/tasks.o
 .debug_ranges  0x00000be8      0x1d0 Output/Libraries/FreeRTOS/Source/queue.o
 .debug_ranges  0x00000db8       0x30 Output/Libraries/FreeRTOS/Source/list.o
 .debug_ranges  0x00000de8      0x1f0 Output/Libraries/FreeRTOS/Source/timers.o
 .debug_ranges  0x00000fd8       0x28 Output/Libraries/FreeRTOS/Source/portable/MemMang/heap_1.o
 .debug_ranges  0x00001000       0xa8 Output/Libraries/FreeRTOS/Source/portable/GCC/ARM_CM4F/port.o
 .debug_ranges  0x000010a8       0xd0 Output/Libraries/STM32F4xx_StdPeriph_Driver/src/stm32f4xx_spi.o

.debug_line     0x00000000     0x4f7e
 .debug_line    0x00000000      0x1e1 Output/Libraries/STM32F4xx_StdPeriph_Driver/src/misc.o
 .debug_line    0x000001e1      0x43c Output/Libraries/STM32F4xx_StdPeriph_Driver/src/stm32f4xx_gpio.o
 .debug_line    0x0000061d      0x712 Output/Libraries/STM32F4xx_StdPeriph_Driver/src/stm32f4xx_i2c.o
 .debug_line    0x00000d2f       0xfa Output/src/stm32f4xx_it.o
 .debug_line    0x00000e29      0x86f Output/Libraries/STM32F4xx_StdPeriph_Driver/src/stm32f4xx_rcc.o
 .debug_line    0x00001698      0x79a Output/Libraries/STM32F4xx_StdPeriph_Driver/src/stm32f4xx_usart.o
 .debug_line    0x00001e32      0x146 Output/src/system_stm32f4xx.o
 .debug_line    0x00001f78      0x220 Output/src/main.o
 .debug_line    0x00002198      0x134 Output/led/led.o
 .debug_line    0x000022cc      0x1d5 Output/spi/spi.o
 .debug_line    0x000024a1      0x34f Output/i2c/i2c.o
 .debug_line    0x000027f0      0x137 Output/fifo/fifo.o
 .debug_line    0x00002927      0x3c3 Output/usart/usart.o
 .debug_line    0x00002cea      0xa09 Output/Libraries/FreeRTOS/Source/tasks.o
 .debug_line    0x000036f3      0x7b9 Output/Libraries/FreeRTOS/Source/queue.o
 .debug_line    0x00003eac      0x1bc Output/Libraries/FreeRTOS/Source/list.o
 .debug_line    0x00004068      0x3c8 Output/Libraries/FreeRTOS/Source/timers.o
 .debug_line    0x00004430      0x1e6 Output/Libraries/FreeRTOS/Source/portable/MemMang/heap_1.o
 .debug_line    0x00004616      0x2bc Output/Libraries/FreeRTOS/Source/portable/GCC/ARM_CM4F/port.o
 .debug_line    0x000048d2      0x6ac Output/Libraries/STM32F4xx_StdPeriph_Driver/src/stm32f4xx_spi.o

.debug_str      0x00000000     0x3630
 .debug_str     0x00000000      0x3d0 Output/Libraries/STM32F4xx_StdPeriph_Driver/src/misc.o
                                0x40c (size before relaxing)
 .debug_str     0x000003d0      0x33f Output/Libraries/STM32F4xx_StdPeriph_Driver/src/stm32f4xx_gpio.o
                                0x4fa (size before relaxing)
 .debug_str     0x0000070f      0x4c8 Output/Libraries/STM32F4xx_StdPeriph_Driver/src/stm32f4xx_i2c.o
                                0x70e (size before relaxing)
 .debug_str     0x00000bd7       0x78 Output/src/stm32f4xx_it.o
                                0x1f5 (size before relaxing)
 .debug_str     0x00000c4f      0x67f Output/Libraries/STM32F4xx_StdPeriph_Driver/src/stm32f4xx_rcc.o
                                0x989 (size before relaxing)
 .debug_str     0x000012ce      0x427 Output/Libraries/STM32F4xx_StdPeriph_Driver/src/stm32f4xx_usart.o
                                0x702 (size before relaxing)
 .debug_str     0x000016f5       0x9c Output/src/system_stm32f4xx.o
                                0x3ca (size before relaxing)
 .debug_str     0x00001791      0x1d0 Output/src/main.o
                                0x4ae (size before relaxing)
 .debug_str     0x00001961       0x12 Output/led/led.o
                                0x3a2 (size before relaxing)
 .debug_str     0x00001973      0x519 Output/spi/spi.o
                                0x9e6 (size before relaxing)
 .debug_str     0x00001e8c      0x121 Output/i2c/i2c.o
                                0xb07 (size before relaxing)
 .debug_str     0x00001fad       0x23 Output/fifo/fifo.o
                                0x25d (size before relaxing)
 .debug_str     0x00001fd0       0xbd Output/usart/usart.o
                                0x9f6 (size before relaxing)
 .debug_str     0x0000208d      0x8c4 Output/Libraries/FreeRTOS/Source/tasks.o
                                0xb78 (size before relaxing)
 .debug_str     0x00002951      0x444 Output/Libraries/FreeRTOS/Source/queue.o
                                0x8dd (size before relaxing)
 .debug_str     0x00002d95       0x69 Output/Libraries/FreeRTOS/Source/list.o
                                0x2eb (size before relaxing)
 .debug_str     0x00002dfe      0x38f Output/Libraries/FreeRTOS/Source/timers.o
                                0x86a (size before relaxing)
 .debug_str     0x0000318d       0x98 Output/Libraries/FreeRTOS/Source/portable/MemMang/heap_1.o
                                0x28a (size before relaxing)
 .debug_str     0x00003225      0x186 Output/Libraries/FreeRTOS/Source/portable/GCC/ARM_CM4F/port.o
                                0x43d (size before relaxing)
 .debug_str     0x000033ab      0x285 Output/Libraries/STM32F4xx_StdPeriph_Driver/src/stm32f4xx_spi.o
                                0x6fe (size before relaxing)

.comment        0x00000000       0x46
 .comment       0x00000000       0x46 Output/Libraries/STM32F4xx_StdPeriph_Driver/src/misc.o
                                 0x47 (size before relaxing)
 .comment       0x00000000       0x47 Output/Libraries/STM32F4xx_StdPeriph_Driver/src/stm32f4xx_gpio.o
 .comment       0x00000000       0x47 Output/Libraries/STM32F4xx_StdPeriph_Driver/src/stm32f4xx_i2c.o
 .comment       0x00000000       0x47 Output/src/stm32f4xx_it.o
 .comment       0x00000000       0x47 Output/Libraries/STM32F4xx_StdPeriph_Driver/src/stm32f4xx_rcc.o
 .comment       0x00000000       0x47 Output/Libraries/STM32F4xx_StdPeriph_Driver/src/stm32f4xx_usart.o
 .comment       0x00000000       0x47 Output/src/system_stm32f4xx.o
 .comment       0x00000000       0x47 Output/src/main.o
 .comment       0x00000000       0x47 Output/led/led.o
 .comment       0x00000000       0x47 Output/spi/spi.o
 .comment       0x00000000       0x47 Output/i2c/i2c.o
 .comment       0x00000000       0x47 Output/fifo/fifo.o
 .comment       0x00000000       0x47 Output/usart/usart.o
 .comment       0x00000000       0x47 Output/Libraries/FreeRTOS/Source/tasks.o
 .comment       0x00000000       0x47 Output/Libraries/FreeRTOS/Source/queue.o
 .comment       0x00000000       0x47 Output/Libraries/FreeRTOS/Source/list.o
 .comment       0x00000000       0x47 Output/Libraries/FreeRTOS/Source/timers.o
 .comment       0x00000000       0x47 Output/Libraries/FreeRTOS/Source/portable/MemMang/heap_1.o
 .comment       0x00000000       0x47 Output/Libraries/FreeRTOS/Source/portable/GCC/ARM_CM4F/port.o
 .comment       0x00000000       0x47 Output/Libraries/STM32F4xx_StdPeriph_Driver/src/stm32f4xx_spi.o

.debug_frame    0x00000000     0x22e4
 .debug_frame   0x00000000       0xa8 Output/Libraries/STM32F4xx_StdPeriph_Driver/src/misc.o
 .debug_frame   0x000000a8      0x1d8 Output/Libraries/STM32F4xx_StdPeriph_Driver/src/stm32f4xx_gpio.o
 .debug_frame   0x00000280      0x474 Output/Libraries/STM32F4xx_StdPeriph_Driver/src/stm32f4xx_i2c.o
 .debug_frame   0x000006f4       0x70 Output/src/stm32f4xx_it.o
 .debug_frame   0x00000764      0x5b4 Output/Libraries/STM32F4xx_StdPeriph_Driver/src/stm32f4xx_rcc.o
 .debug_frame   0x00000d18      0x3a8 Output/Libraries/STM32F4xx_StdPeriph_Driver/src/stm32f4xx_usart.o
 .debug_frame   0x000010c0       0x34 Output/src/system_stm32f4xx.o
 .debug_frame   0x000010f4       0x90 Output/src/main.o
 .debug_frame   0x00001184       0x50 Output/led/led.o
 .debug_frame   0x000011d4       0x98 Output/spi/spi.o
 .debug_frame   0x0000126c      0x140 Output/i2c/i2c.o
 .debug_frame   0x000013ac       0x50 Output/fifo/fifo.o
 .debug_frame   0x000013fc       0xfc Output/usart/usart.o
 .debug_frame   0x000014f8      0x424 Output/Libraries/FreeRTOS/Source/tasks.o
 .debug_frame   0x0000191c      0x2e4 Output/Libraries/FreeRTOS/Source/queue.o
 .debug_frame   0x00001c00       0x7c Output/Libraries/FreeRTOS/Source/list.o
 .debug_frame   0x00001c7c      0x100 Output/Libraries/FreeRTOS/Source/timers.o
 .debug_frame   0x00001d7c       0x6c Output/Libraries/FreeRTOS/Source/portable/MemMang/heap_1.o
 .debug_frame   0x00001de8      0x170 Output/Libraries/FreeRTOS/Source/portable/GCC/ARM_CM4F/port.o
 .debug_frame   0x00001f58      0x334 Output/Libraries/STM32F4xx_StdPeriph_Driver/src/stm32f4xx_spi.o
 .debug_frame   0x0000228c       0x2c /opt/toolchains/eabi/arm-2014.05/bin/../lib/gcc/arm-none-eabi/4.8.3/../../../../arm-none-eabi/lib/thumb2/libc.a(lib_a-init.o)
 .debug_frame   0x000022b8       0x2c /opt/toolchains/eabi/arm-2014.05/bin/../lib/gcc/arm-none-eabi/4.8.3/../../../../arm-none-eabi/lib/thumb2/libc.a(lib_a-memcpy-stub.o)

Cross Reference Table

Symbol                                            File
ADC_IRQHandler                                    Output/Libraries/Startup/startup_stm32f401xx.o
AHBPrescTable                                     Output/src/system_stm32f4xx.o
BusFault_Handler                                  Output/src/stm32f4xx_it.o
DMA1_Stream0_IRQHandler                           Output/Libraries/Startup/startup_stm32f401xx.o
DMA1_Stream1_IRQHandler                           Output/Libraries/Startup/startup_stm32f401xx.o
DMA1_Stream2_IRQHandler                           Output/Libraries/Startup/startup_stm32f401xx.o
DMA1_Stream3_IRQHandler                           Output/Libraries/Startup/startup_stm32f401xx.o
DMA1_Stream4_IRQHandler                           Output/Libraries/Startup/startup_stm32f401xx.o
DMA1_Stream5_IRQHandler                           Output/Libraries/Startup/startup_stm32f401xx.o
DMA1_Stream6_IRQHandler                           Output/Libraries/Startup/startup_stm32f401xx.o
DMA1_Stream7_IRQHandler                           Output/Libraries/Startup/startup_stm32f401xx.o
DMA2_Stream0_IRQHandler                           Output/Libraries/Startup/startup_stm32f401xx.o
DMA2_Stream1_IRQHandler                           Output/Libraries/Startup/startup_stm32f401xx.o
DMA2_Stream2_IRQHandler                           Output/Libraries/Startup/startup_stm32f401xx.o
DMA2_Stream3_IRQHandler                           Output/Libraries/Startup/startup_stm32f401xx.o
DMA2_Stream4_IRQHandler                           Output/Libraries/Startup/startup_stm32f401xx.o
DMA2_Stream5_IRQHandler                           Output/Libraries/Startup/startup_stm32f401xx.o
DMA2_Stream6_IRQHandler                           Output/Libraries/Startup/startup_stm32f401xx.o
DMA2_Stream7_IRQHandler                           Output/Libraries/Startup/startup_stm32f401xx.o
DebugMon_Handler                                  Output/src/stm32f4xx_it.o
Default_Handler                                   Output/Libraries/Startup/startup_stm32f401xx.o
EXTI0_IRQHandler                                  Output/Libraries/Startup/startup_stm32f401xx.o
EXTI15_10_IRQHandler                              Output/Libraries/Startup/startup_stm32f401xx.o
EXTI1_IRQHandler                                  Output/Libraries/Startup/startup_stm32f401xx.o
EXTI2_IRQHandler                                  Output/Libraries/Startup/startup_stm32f401xx.o
EXTI3_IRQHandler                                  Output/Libraries/Startup/startup_stm32f401xx.o
EXTI4_IRQHandler                                  Output/Libraries/Startup/startup_stm32f401xx.o
EXTI9_5_IRQHandler                                Output/Libraries/Startup/startup_stm32f401xx.o
Event                                             Output/i2c/i2c.o
FLASH_ClearFlag                                   Output/Libraries/STM32F4xx_StdPeriph_Driver/src/stm32f4xx_flash.o
FLASH_DataCacheCmd                                Output/Libraries/STM32F4xx_StdPeriph_Driver/src/stm32f4xx_flash.o
FLASH_DataCacheReset                              Output/Libraries/STM32F4xx_StdPeriph_Driver/src/stm32f4xx_flash.o
FLASH_EraseAllBank1Sectors                        Output/Libraries/STM32F4xx_StdPeriph_Driver/src/stm32f4xx_flash.o
FLASH_EraseAllBank2Sectors                        Output/Libraries/STM32F4xx_StdPeriph_Driver/src/stm32f4xx_flash.o
FLASH_EraseAllSectors                             Output/Libraries/STM32F4xx_StdPeriph_Driver/src/stm32f4xx_flash.o
FLASH_EraseSector                                 Output/Libraries/STM32F4xx_StdPeriph_Driver/src/stm32f4xx_flash.o
FLASH_GetFlagStatus                               Output/Libraries/STM32F4xx_StdPeriph_Driver/src/stm32f4xx_flash.o
FLASH_GetStatus                                   Output/Libraries/STM32F4xx_StdPeriph_Driver/src/stm32f4xx_flash.o
FLASH_IRQHandler                                  Output/Libraries/Startup/startup_stm32f401xx.o
FLASH_ITConfig                                    Output/Libraries/STM32F4xx_StdPeriph_Driver/src/stm32f4xx_flash.o
FLASH_InstructionCacheCmd                         Output/Libraries/STM32F4xx_StdPeriph_Driver/src/stm32f4xx_flash.o
FLASH_InstructionCacheReset                       Output/Libraries/STM32F4xx_StdPeriph_Driver/src/stm32f4xx_flash.o
FLASH_Lock                                        Output/Libraries/STM32F4xx_StdPeriph_Driver/src/stm32f4xx_flash.o
FLASH_OB_BORConfig                                Output/Libraries/STM32F4xx_StdPeriph_Driver/src/stm32f4xx_flash.o
FLASH_OB_BootConfig                               Output/Libraries/STM32F4xx_StdPeriph_Driver/src/stm32f4xx_flash.o
FLASH_OB_GetBOR                                   Output/Libraries/STM32F4xx_StdPeriph_Driver/src/stm32f4xx_flash.o
FLASH_OB_GetPCROP                                 Output/Libraries/STM32F4xx_StdPeriph_Driver/src/stm32f4xx_flash.o
FLASH_OB_GetPCROP1                                Output/Libraries/STM32F4xx_StdPeriph_Driver/src/stm32f4xx_flash.o
FLASH_OB_GetRDP                                   Output/Libraries/STM32F4xx_StdPeriph_Driver/src/stm32f4xx_flash.o
FLASH_OB_GetUser                                  Output/Libraries/STM32F4xx_StdPeriph_Driver/src/stm32f4xx_flash.o
FLASH_OB_GetWRP                                   Output/Libraries/STM32F4xx_StdPeriph_Driver/src/stm32f4xx_flash.o
FLASH_OB_GetWRP1                                  Output/Libraries/STM32F4xx_StdPeriph_Driver/src/stm32f4xx_flash.o
FLASH_OB_Launch                                   Output/Libraries/STM32F4xx_StdPeriph_Driver/src/stm32f4xx_flash.o
FLASH_OB_Lock                                     Output/Libraries/STM32F4xx_StdPeriph_Driver/src/stm32f4xx_flash.o
FLASH_OB_PCROP1Config                             Output/Libraries/STM32F4xx_StdPeriph_Driver/src/stm32f4xx_flash.o
FLASH_OB_PCROPConfig                              Output/Libraries/STM32F4xx_StdPeriph_Driver/src/stm32f4xx_flash.o
FLASH_OB_PCROPSelectionConfig                     Output/Libraries/STM32F4xx_StdPeriph_Driver/src/stm32f4xx_flash.o
FLASH_OB_RDPConfig                                Output/Libraries/STM32F4xx_StdPeriph_Driver/src/stm32f4xx_flash.o
FLASH_OB_Unlock                                   Output/Libraries/STM32F4xx_StdPeriph_Driver/src/stm32f4xx_flash.o
FLASH_OB_UserConfig                               Output/Libraries/STM32F4xx_StdPeriph_Driver/src/stm32f4xx_flash.o
FLASH_OB_WRP1Config                               Output/Libraries/STM32F4xx_StdPeriph_Driver/src/stm32f4xx_flash.o
FLASH_OB_WRPConfig                                Output/Libraries/STM32F4xx_StdPeriph_Driver/src/stm32f4xx_flash.o
FLASH_PrefetchBufferCmd                           Output/Libraries/STM32F4xx_StdPeriph_Driver/src/stm32f4xx_flash.o
FLASH_ProgramByte                                 Output/Libraries/STM32F4xx_StdPeriph_Driver/src/stm32f4xx_flash.o
FLASH_ProgramDoubleWord                           Output/Libraries/STM32F4xx_StdPeriph_Driver/src/stm32f4xx_flash.o
FLASH_ProgramHalfWord                             Output/Libraries/STM32F4xx_StdPeriph_Driver/src/stm32f4xx_flash.o
FLASH_ProgramWord                                 Output/Libraries/STM32F4xx_StdPeriph_Driver/src/stm32f4xx_flash.o
FLASH_SetLatency                                  Output/Libraries/STM32F4xx_StdPeriph_Driver/src/stm32f4xx_flash.o
FLASH_Unlock                                      Output/Libraries/STM32F4xx_StdPeriph_Driver/src/stm32f4xx_flash.o
FLASH_WaitForLastOperation                        Output/Libraries/STM32F4xx_StdPeriph_Driver/src/stm32f4xx_flash.o
FPU_IRQHandler                                    Output/Libraries/Startup/startup_stm32f401xx.o
Fifo                                              Output/usart/usart.o
                                                  Output/fifo/fifo.o
                                                  Output/src/main.o
GETPT                                             Output/usart/usart.o
                                                  Output/fifo/fifo.o
                                                  Output/src/main.o
GPIO_DeInit                                       Output/Libraries/STM32F4xx_StdPeriph_Driver/src/stm32f4xx_gpio.o
GPIO_Init                                         Output/Libraries/STM32F4xx_StdPeriph_Driver/src/stm32f4xx_gpio.o
                                                  Output/usart/usart.o
                                                  Output/i2c/i2c.o
                                                  Output/spi/spi.o
                                                  Output/led/led.o
GPIO_InitStructure                                Output/src/main.o
GPIO_PinAFConfig                                  Output/Libraries/STM32F4xx_StdPeriph_Driver/src/stm32f4xx_gpio.o
                                                  Output/usart/usart.o
                                                  Output/i2c/i2c.o
                                                  Output/spi/spi.o
GPIO_PinLockConfig                                Output/Libraries/STM32F4xx_StdPeriph_Driver/src/stm32f4xx_gpio.o
GPIO_ReadInputData                                Output/Libraries/STM32F4xx_StdPeriph_Driver/src/stm32f4xx_gpio.o
GPIO_ReadInputDataBit                             Output/Libraries/STM32F4xx_StdPeriph_Driver/src/stm32f4xx_gpio.o
GPIO_ReadOutputData                               Output/Libraries/STM32F4xx_StdPeriph_Driver/src/stm32f4xx_gpio.o
GPIO_ReadOutputDataBit                            Output/Libraries/STM32F4xx_StdPeriph_Driver/src/stm32f4xx_gpio.o
GPIO_ResetBits                                    Output/Libraries/STM32F4xx_StdPeriph_Driver/src/stm32f4xx_gpio.o
                                                  Output/spi/spi.o
                                                  Output/led/led.o
GPIO_SetBits                                      Output/Libraries/STM32F4xx_StdPeriph_Driver/src/stm32f4xx_gpio.o
                                                  Output/spi/spi.o
                                                  Output/led/led.o
GPIO_StructInit                                   Output/Libraries/STM32F4xx_StdPeriph_Driver/src/stm32f4xx_gpio.o
GPIO_ToggleBits                                   Output/Libraries/STM32F4xx_StdPeriph_Driver/src/stm32f4xx_gpio.o
GPIO_Write                                        Output/Libraries/STM32F4xx_StdPeriph_Driver/src/stm32f4xx_gpio.o
GPIO_WriteBit                                     Output/Libraries/STM32F4xx_StdPeriph_Driver/src/stm32f4xx_gpio.o
GetFifo                                           Output/fifo/fifo.o
                                                  Output/usart/usart.o
HardFault_Handler                                 Output/src/stm32f4xx_it.o
I2C1_ER_IRQHandler                                Output/i2c/i2c.o
I2C1_EV_IRQHandler                                Output/i2c/i2c.o
I2C2_ER_IRQHandler                                Output/Libraries/Startup/startup_stm32f401xx.o
I2C2_EV_IRQHandler                                Output/Libraries/Startup/startup_stm32f401xx.o
I2C3_ER_IRQHandler                                Output/Libraries/Startup/startup_stm32f401xx.o
I2C3_EV_IRQHandler                                Output/Libraries/Startup/startup_stm32f401xx.o
I2C_ARPCmd                                        Output/Libraries/STM32F4xx_StdPeriph_Driver/src/stm32f4xx_i2c.o
I2C_AcknowledgeConfig                             Output/Libraries/STM32F4xx_StdPeriph_Driver/src/stm32f4xx_i2c.o
                                                  Output/i2c/i2c.o
I2C_AnalogFilterCmd                               Output/Libraries/STM32F4xx_StdPeriph_Driver/src/stm32f4xx_i2c.o
I2C_ByteRead                                      Output/i2c/i2c.o
I2C_ByteWrite                                     Output/i2c/i2c.o
I2C_CalculatePEC                                  Output/Libraries/STM32F4xx_StdPeriph_Driver/src/stm32f4xx_i2c.o
I2C_CheckEvent                                    Output/Libraries/STM32F4xx_StdPeriph_Driver/src/stm32f4xx_i2c.o
I2C_ClearFlag                                     Output/Libraries/STM32F4xx_StdPeriph_Driver/src/stm32f4xx_i2c.o
I2C_ClearITPendingBit                             Output/Libraries/STM32F4xx_StdPeriph_Driver/src/stm32f4xx_i2c.o
                                                  Output/i2c/i2c.o
I2C_Cmd                                           Output/Libraries/STM32F4xx_StdPeriph_Driver/src/stm32f4xx_i2c.o
                                                  Output/i2c/i2c.o
I2C_Configuration                                 Output/i2c/i2c.o
I2C_DMACmd                                        Output/Libraries/STM32F4xx_StdPeriph_Driver/src/stm32f4xx_i2c.o
I2C_DMALastTransferCmd                            Output/Libraries/STM32F4xx_StdPeriph_Driver/src/stm32f4xx_i2c.o
I2C_DeInit                                        Output/Libraries/STM32F4xx_StdPeriph_Driver/src/stm32f4xx_i2c.o
                                                  Output/i2c/i2c.o
I2C_DigitalFilterConfig                           Output/Libraries/STM32F4xx_StdPeriph_Driver/src/stm32f4xx_i2c.o
I2C_DualAddressCmd                                Output/Libraries/STM32F4xx_StdPeriph_Driver/src/stm32f4xx_i2c.o
I2C_FastModeDutyCycleConfig                       Output/Libraries/STM32F4xx_StdPeriph_Driver/src/stm32f4xx_i2c.o
I2C_GeneralCallCmd                                Output/Libraries/STM32F4xx_StdPeriph_Driver/src/stm32f4xx_i2c.o
I2C_GenerateSTART                                 Output/Libraries/STM32F4xx_StdPeriph_Driver/src/stm32f4xx_i2c.o
                                                  Output/i2c/i2c.o
I2C_GenerateSTOP                                  Output/Libraries/STM32F4xx_StdPeriph_Driver/src/stm32f4xx_i2c.o
                                                  Output/i2c/i2c.o
I2C_GetBuffer                                     Output/i2c/i2c.o
I2C_GetFlagStatus                                 Output/Libraries/STM32F4xx_StdPeriph_Driver/src/stm32f4xx_i2c.o
                                                  Output/i2c/i2c.o
I2C_GetITStatus                                   Output/Libraries/STM32F4xx_StdPeriph_Driver/src/stm32f4xx_i2c.o
                                                  Output/i2c/i2c.o
I2C_GetLastEvent                                  Output/Libraries/STM32F4xx_StdPeriph_Driver/src/stm32f4xx_i2c.o
                                                  Output/i2c/i2c.o
I2C_GetPEC                                        Output/Libraries/STM32F4xx_StdPeriph_Driver/src/stm32f4xx_i2c.o
I2C_GetRxFlag                                     Output/i2c/i2c.o
I2C_GetTxFlag                                     Output/i2c/i2c.o
I2C_ITConfig                                      Output/Libraries/STM32F4xx_StdPeriph_Driver/src/stm32f4xx_i2c.o
                                                  Output/i2c/i2c.o
I2C_Init                                          Output/Libraries/STM32F4xx_StdPeriph_Driver/src/stm32f4xx_i2c.o
                                                  Output/i2c/i2c.o
I2C_NACKPositionConfig                            Output/Libraries/STM32F4xx_StdPeriph_Driver/src/stm32f4xx_i2c.o
I2C_OwnAddress2Config                             Output/Libraries/STM32F4xx_StdPeriph_Driver/src/stm32f4xx_i2c.o
I2C_PECPositionConfig                             Output/Libraries/STM32F4xx_StdPeriph_Driver/src/stm32f4xx_i2c.o
I2C_ReadRegister                                  Output/Libraries/STM32F4xx_StdPeriph_Driver/src/stm32f4xx_i2c.o
                                                  Output/i2c/i2c.o
I2C_ReceiveData                                   Output/Libraries/STM32F4xx_StdPeriph_Driver/src/stm32f4xx_i2c.o
                                                  Output/i2c/i2c.o
I2C_SMBusAlertConfig                              Output/Libraries/STM32F4xx_StdPeriph_Driver/src/stm32f4xx_i2c.o
I2C_Send7bitAddress                               Output/Libraries/STM32F4xx_StdPeriph_Driver/src/stm32f4xx_i2c.o
                                                  Output/i2c/i2c.o
I2C_SendData                                      Output/Libraries/STM32F4xx_StdPeriph_Driver/src/stm32f4xx_i2c.o
                                                  Output/i2c/i2c.o
I2C_SoftwareResetCmd                              Output/Libraries/STM32F4xx_StdPeriph_Driver/src/stm32f4xx_i2c.o
I2C_StartRx                                       Output/i2c/i2c.o
I2C_StartTx                                       Output/i2c/i2c.o
I2C_StopReceived                                  Output/i2c/i2c.o
I2C_StretchClockCmd                               Output/Libraries/STM32F4xx_StdPeriph_Driver/src/stm32f4xx_i2c.o
I2C_StructInit                                    Output/Libraries/STM32F4xx_StdPeriph_Driver/src/stm32f4xx_i2c.o
I2C_TransmitPEC                                   Output/Libraries/STM32F4xx_StdPeriph_Driver/src/stm32f4xx_i2c.o
I2S_Cmd                                           Output/Libraries/STM32F4xx_StdPeriph_Driver/src/stm32f4xx_spi.o
I2S_FullDuplexConfig                              Output/Libraries/STM32F4xx_StdPeriph_Driver/src/stm32f4xx_spi.o
I2S_Init                                          Output/Libraries/STM32F4xx_StdPeriph_Driver/src/stm32f4xx_spi.o
I2S_StructInit                                    Output/Libraries/STM32F4xx_StdPeriph_Driver/src/stm32f4xx_spi.o
InitFifo                                          Output/fifo/fifo.o
                                                  Output/src/main.o
LED_Init                                          Output/led/led.o
                                                  Output/src/main.o
LED_Off                                           Output/led/led.o
LED_On                                            Output/led/led.o
                                                  Output/usart/usart.o
                                                  Output/src/main.o
MasterTxBuffer                                    Output/i2c/i2c.o
MemManage_Handler                                 Output/src/stm32f4xx_it.o
NMI_Handler                                       Output/src/stm32f4xx_it.o
NVIC_Init                                         Output/Libraries/STM32F4xx_StdPeriph_Driver/src/misc.o
                                                  Output/usart/usart.o
                                                  Output/i2c/i2c.o
                                                  Output/spi/spi.o
NVIC_PriorityGroupConfig                          Output/Libraries/STM32F4xx_StdPeriph_Driver/src/misc.o
                                                  Output/i2c/i2c.o
NVIC_SetVectorTable                               Output/Libraries/STM32F4xx_StdPeriph_Driver/src/misc.o
NVIC_SystemLPConfig                               Output/Libraries/STM32F4xx_StdPeriph_Driver/src/misc.o
OTG_FS_IRQHandler                                 Output/Libraries/Startup/startup_stm32f401xx.o
OTG_FS_WKUP_IRQHandler                            Output/Libraries/Startup/startup_stm32f401xx.o
PUTPT                                             Output/usart/usart.o
                                                  Output/fifo/fifo.o
                                                  Output/src/main.o
PVD_IRQHandler                                    Output/Libraries/Startup/startup_stm32f401xx.o
PendSV_Handler                                    Output/Libraries/FreeRTOS/Source/portable/GCC/ARM_CM4F/port.o
PutFifo                                           Output/fifo/fifo.o
                                                  Output/usart/usart.o
RCC_AHB1PeriphClockCmd                            Output/Libraries/STM32F4xx_StdPeriph_Driver/src/stm32f4xx_rcc.o
                                                  Output/usart/usart.o
                                                  Output/i2c/i2c.o
                                                  Output/spi/spi.o
                                                  Output/led/led.o
RCC_AHB1PeriphClockLPModeCmd                      Output/Libraries/STM32F4xx_StdPeriph_Driver/src/stm32f4xx_rcc.o
RCC_AHB1PeriphResetCmd                            Output/Libraries/STM32F4xx_StdPeriph_Driver/src/stm32f4xx_rcc.o
                                                  Output/Libraries/STM32F4xx_StdPeriph_Driver/src/stm32f4xx_gpio.o
RCC_AHB2PeriphClockCmd                            Output/Libraries/STM32F4xx_StdPeriph_Driver/src/stm32f4xx_rcc.o
RCC_AHB2PeriphClockLPModeCmd                      Output/Libraries/STM32F4xx_StdPeriph_Driver/src/stm32f4xx_rcc.o
RCC_AHB2PeriphResetCmd                            Output/Libraries/STM32F4xx_StdPeriph_Driver/src/stm32f4xx_rcc.o
RCC_APB1PeriphClockCmd                            Output/Libraries/STM32F4xx_StdPeriph_Driver/src/stm32f4xx_rcc.o
                                                  Output/usart/usart.o
                                                  Output/i2c/i2c.o
                                                  Output/spi/spi.o
RCC_APB1PeriphClockLPModeCmd                      Output/Libraries/STM32F4xx_StdPeriph_Driver/src/stm32f4xx_rcc.o
RCC_APB1PeriphResetCmd                            Output/Libraries/STM32F4xx_StdPeriph_Driver/src/stm32f4xx_rcc.o
                                                  Output/Libraries/STM32F4xx_StdPeriph_Driver/src/stm32f4xx_spi.o
                                                  Output/i2c/i2c.o
                                                  Output/Libraries/STM32F4xx_StdPeriph_Driver/src/stm32f4xx_usart.o
                                                  Output/Libraries/STM32F4xx_StdPeriph_Driver/src/stm32f4xx_i2c.o
RCC_APB2PeriphClockCmd                            Output/Libraries/STM32F4xx_StdPeriph_Driver/src/stm32f4xx_rcc.o
RCC_APB2PeriphClockLPModeCmd                      Output/Libraries/STM32F4xx_StdPeriph_Driver/src/stm32f4xx_rcc.o
RCC_APB2PeriphResetCmd                            Output/Libraries/STM32F4xx_StdPeriph_Driver/src/stm32f4xx_rcc.o
                                                  Output/Libraries/STM32F4xx_StdPeriph_Driver/src/stm32f4xx_spi.o
                                                  Output/Libraries/STM32F4xx_StdPeriph_Driver/src/stm32f4xx_usart.o
RCC_AdjustHSICalibrationValue                     Output/Libraries/STM32F4xx_StdPeriph_Driver/src/stm32f4xx_rcc.o
RCC_BackupResetCmd                                Output/Libraries/STM32F4xx_StdPeriph_Driver/src/stm32f4xx_rcc.o
RCC_ClearFlag                                     Output/Libraries/STM32F4xx_StdPeriph_Driver/src/stm32f4xx_rcc.o
RCC_ClearITPendingBit                             Output/Libraries/STM32F4xx_StdPeriph_Driver/src/stm32f4xx_rcc.o
RCC_ClockSecuritySystemCmd                        Output/Libraries/STM32F4xx_StdPeriph_Driver/src/stm32f4xx_rcc.o
RCC_DeInit                                        Output/Libraries/STM32F4xx_StdPeriph_Driver/src/stm32f4xx_rcc.o
RCC_GetClocksFreq                                 Output/Libraries/STM32F4xx_StdPeriph_Driver/src/stm32f4xx_rcc.o
                                                  Output/Libraries/STM32F4xx_StdPeriph_Driver/src/stm32f4xx_usart.o
                                                  Output/Libraries/STM32F4xx_StdPeriph_Driver/src/stm32f4xx_i2c.o
RCC_GetFlagStatus                                 Output/Libraries/STM32F4xx_StdPeriph_Driver/src/stm32f4xx_rcc.o
RCC_GetITStatus                                   Output/Libraries/STM32F4xx_StdPeriph_Driver/src/stm32f4xx_rcc.o
RCC_GetSYSCLKSource                               Output/Libraries/STM32F4xx_StdPeriph_Driver/src/stm32f4xx_rcc.o
RCC_HCLKConfig                                    Output/Libraries/STM32F4xx_StdPeriph_Driver/src/stm32f4xx_rcc.o
RCC_HSEConfig                                     Output/Libraries/STM32F4xx_StdPeriph_Driver/src/stm32f4xx_rcc.o
RCC_HSICmd                                        Output/Libraries/STM32F4xx_StdPeriph_Driver/src/stm32f4xx_rcc.o
RCC_I2SCLKConfig                                  Output/Libraries/STM32F4xx_StdPeriph_Driver/src/stm32f4xx_rcc.o
RCC_IRQHandler                                    Output/Libraries/Startup/startup_stm32f401xx.o
RCC_ITConfig                                      Output/Libraries/STM32F4xx_StdPeriph_Driver/src/stm32f4xx_rcc.o
RCC_LSEConfig                                     Output/Libraries/STM32F4xx_StdPeriph_Driver/src/stm32f4xx_rcc.o
RCC_LSEModeConfig                                 Output/Libraries/STM32F4xx_StdPeriph_Driver/src/stm32f4xx_rcc.o
RCC_LSICmd                                        Output/Libraries/STM32F4xx_StdPeriph_Driver/src/stm32f4xx_rcc.o
RCC_LTDCCLKDivConfig                              Output/Libraries/STM32F4xx_StdPeriph_Driver/src/stm32f4xx_rcc.o
RCC_MCO1Config                                    Output/Libraries/STM32F4xx_StdPeriph_Driver/src/stm32f4xx_rcc.o
RCC_MCO2Config                                    Output/Libraries/STM32F4xx_StdPeriph_Driver/src/stm32f4xx_rcc.o
RCC_PCLK1Config                                   Output/Libraries/STM32F4xx_StdPeriph_Driver/src/stm32f4xx_rcc.o
RCC_PCLK2Config                                   Output/Libraries/STM32F4xx_StdPeriph_Driver/src/stm32f4xx_rcc.o
RCC_PLLCmd                                        Output/Libraries/STM32F4xx_StdPeriph_Driver/src/stm32f4xx_rcc.o
RCC_PLLConfig                                     Output/Libraries/STM32F4xx_StdPeriph_Driver/src/stm32f4xx_rcc.o
RCC_PLLI2SCmd                                     Output/Libraries/STM32F4xx_StdPeriph_Driver/src/stm32f4xx_rcc.o
RCC_PLLI2SConfig                                  Output/Libraries/STM32F4xx_StdPeriph_Driver/src/stm32f4xx_rcc.o
RCC_PLLSAICmd                                     Output/Libraries/STM32F4xx_StdPeriph_Driver/src/stm32f4xx_rcc.o
RCC_PLLSAIConfig                                  Output/Libraries/STM32F4xx_StdPeriph_Driver/src/stm32f4xx_rcc.o
RCC_RTCCLKCmd                                     Output/Libraries/STM32F4xx_StdPeriph_Driver/src/stm32f4xx_rcc.o
RCC_RTCCLKConfig                                  Output/Libraries/STM32F4xx_StdPeriph_Driver/src/stm32f4xx_rcc.o
RCC_SAIBlockACLKConfig                            Output/Libraries/STM32F4xx_StdPeriph_Driver/src/stm32f4xx_rcc.o
RCC_SAIBlockBCLKConfig                            Output/Libraries/STM32F4xx_StdPeriph_Driver/src/stm32f4xx_rcc.o
RCC_SAIPLLI2SClkDivConfig                         Output/Libraries/STM32F4xx_StdPeriph_Driver/src/stm32f4xx_rcc.o
RCC_SAIPLLSAIClkDivConfig                         Output/Libraries/STM32F4xx_StdPeriph_Driver/src/stm32f4xx_rcc.o
RCC_SYSCLKConfig                                  Output/Libraries/STM32F4xx_StdPeriph_Driver/src/stm32f4xx_rcc.o
RCC_TIMCLKPresConfig                              Output/Libraries/STM32F4xx_StdPeriph_Driver/src/stm32f4xx_rcc.o
RCC_WaitForHSEStartUp                             Output/Libraries/STM32F4xx_StdPeriph_Driver/src/stm32f4xx_rcc.o
RTC_Alarm_IRQHandler                              Output/Libraries/Startup/startup_stm32f401xx.o
RTC_WKUP_IRQHandler                               Output/Libraries/Startup/startup_stm32f401xx.o
RX_Buffer                                         Output/i2c/i2c.o
Reg_Store                                         Output/src/main.o
Reset_Handler                                     Output/Libraries/Startup/startup_stm32f401xx.o
RxComplete_f                                      Output/i2c/i2c.o
SDIO_IRQHandler                                   Output/Libraries/Startup/startup_stm32f401xx.o
SPI1_IRQHandler                                   Output/Libraries/Startup/startup_stm32f401xx.o
SPI2_IRQHandler                                   Output/spi/spi.o
SPI3_IRQHandler                                   Output/Libraries/Startup/startup_stm32f401xx.o
SPI4_IRQHandler                                   Output/Libraries/Startup/startup_stm32f401xx.o
SPI_BiDirectionalLineConfig                       Output/Libraries/STM32F4xx_StdPeriph_Driver/src/stm32f4xx_spi.o
SPI_Buffer                                        Output/spi/spi.o
SPI_CalculateCRC                                  Output/Libraries/STM32F4xx_StdPeriph_Driver/src/stm32f4xx_spi.o
SPI_Cmd                                           Output/Libraries/STM32F4xx_StdPeriph_Driver/src/stm32f4xx_spi.o
                                                  Output/spi/spi.o
SPI_Configuration                                 Output/spi/spi.o
SPI_DataSend                                      Output/spi/spi.o
SPI_DataSizeConfig                                Output/Libraries/STM32F4xx_StdPeriph_Driver/src/stm32f4xx_spi.o
SPI_GetCRC                                        Output/Libraries/STM32F4xx_StdPeriph_Driver/src/stm32f4xx_spi.o
SPI_GetCRCPolynomial                              Output/Libraries/STM32F4xx_StdPeriph_Driver/src/stm32f4xx_spi.o
SPI_I2S_ClearFlag                                 Output/Libraries/STM32F4xx_StdPeriph_Driver/src/stm32f4xx_spi.o
SPI_I2S_ClearITPendingBit                         Output/Libraries/STM32F4xx_StdPeriph_Driver/src/stm32f4xx_spi.o
SPI_I2S_DMACmd                                    Output/Libraries/STM32F4xx_StdPeriph_Driver/src/stm32f4xx_spi.o
SPI_I2S_DeInit                                    Output/Libraries/STM32F4xx_StdPeriph_Driver/src/stm32f4xx_spi.o
SPI_I2S_GetFlagStatus                             Output/Libraries/STM32F4xx_StdPeriph_Driver/src/stm32f4xx_spi.o
SPI_I2S_GetITStatus                               Output/Libraries/STM32F4xx_StdPeriph_Driver/src/stm32f4xx_spi.o
                                                  Output/spi/spi.o
SPI_I2S_ITConfig                                  Output/Libraries/STM32F4xx_StdPeriph_Driver/src/stm32f4xx_spi.o
                                                  Output/spi/spi.o
SPI_I2S_ReceiveData                               Output/Libraries/STM32F4xx_StdPeriph_Driver/src/stm32f4xx_spi.o
                                                  Output/spi/spi.o
SPI_I2S_SendData                                  Output/Libraries/STM32F4xx_StdPeriph_Driver/src/stm32f4xx_spi.o
                                                  Output/spi/spi.o
SPI_Init                                          Output/Libraries/STM32F4xx_StdPeriph_Driver/src/stm32f4xx_spi.o
                                                  Output/spi/spi.o
SPI_MODE                                          Output/spi/spi.o
                                                  Output/src/main.o
SPI_NSSInternalSoftwareConfig                     Output/Libraries/STM32F4xx_StdPeriph_Driver/src/stm32f4xx_spi.o
SPI_SSOutputCmd                                   Output/Libraries/STM32F4xx_StdPeriph_Driver/src/stm32f4xx_spi.o
SPI_StartReceive                                  Output/spi/spi.o
SPI_StructInit                                    Output/Libraries/STM32F4xx_StdPeriph_Driver/src/stm32f4xx_spi.o
SPI_TIModeCmd                                     Output/Libraries/STM32F4xx_StdPeriph_Driver/src/stm32f4xx_spi.o
SPI_TransmitCRC                                   Output/Libraries/STM32F4xx_StdPeriph_Driver/src/stm32f4xx_spi.o
SPI_index                                         Output/spi/spi.o
SVC_Handler                                       Output/Libraries/FreeRTOS/Source/portable/GCC/ARM_CM4F/port.o
SysTick_CLKSourceConfig                           Output/Libraries/STM32F4xx_StdPeriph_Driver/src/misc.o
SysTick_Handler                                   Output/Libraries/FreeRTOS/Source/portable/GCC/ARM_CM4F/port.o
SystemCoreClock                                   Output/src/system_stm32f4xx.o
SystemCoreClockUpdate                             Output/src/system_stm32f4xx.o
SystemInit                                        Output/src/system_stm32f4xx.o
                                                  Output/Libraries/Startup/startup_stm32f401xx.o
TAMP_STAMP_IRQHandler                             Output/Libraries/Startup/startup_stm32f401xx.o
TIM1_BRK_TIM9_IRQHandler                          Output/Libraries/Startup/startup_stm32f401xx.o
TIM1_CC_IRQHandler                                Output/Libraries/Startup/startup_stm32f401xx.o
TIM1_TRG_COM_TIM11_IRQHandler                     Output/Libraries/Startup/startup_stm32f401xx.o
TIM1_UP_TIM10_IRQHandler                          Output/Libraries/Startup/startup_stm32f401xx.o
TIM2_IRQHandler                                   Output/Libraries/Startup/startup_stm32f401xx.o
TIM3_IRQHandler                                   Output/Libraries/Startup/startup_stm32f401xx.o
TIM4_IRQHandler                                   Output/Libraries/Startup/startup_stm32f401xx.o
TIM5_IRQHandler                                   Output/Libraries/Startup/startup_stm32f401xx.o
TX_OK                                             Output/i2c/i2c.o
TxComplete_f                                      Output/i2c/i2c.o
USART1_IRQHandler                                 Output/Libraries/Startup/startup_stm32f401xx.o
USART2_IRQHandler                                 Output/usart/usart.o
USART6_IRQHandler                                 Output/Libraries/Startup/startup_stm32f401xx.o
USARTPritnf                                       Output/usart/usart.o
USARTPutchar                                      Output/usart/usart.o
USART_ClearFlag                                   Output/Libraries/STM32F4xx_StdPeriph_Driver/src/stm32f4xx_usart.o
USART_ClearITPendingBit                           Output/Libraries/STM32F4xx_StdPeriph_Driver/src/stm32f4xx_usart.o
USART_ClockInit                                   Output/Libraries/STM32F4xx_StdPeriph_Driver/src/stm32f4xx_usart.o
USART_ClockStructInit                             Output/Libraries/STM32F4xx_StdPeriph_Driver/src/stm32f4xx_usart.o
USART_Cmd                                         Output/Libraries/STM32F4xx_StdPeriph_Driver/src/stm32f4xx_usart.o
                                                  Output/usart/usart.o
USART_Config                                      Output/usart/usart.o
                                                  Output/src/main.o
USART_DMACmd                                      Output/Libraries/STM32F4xx_StdPeriph_Driver/src/stm32f4xx_usart.o
USART_DeInit                                      Output/Libraries/STM32F4xx_StdPeriph_Driver/src/stm32f4xx_usart.o
USART_GetFlagStatus                               Output/Libraries/STM32F4xx_StdPeriph_Driver/src/stm32f4xx_usart.o
USART_GetITStatus                                 Output/Libraries/STM32F4xx_StdPeriph_Driver/src/stm32f4xx_usart.o
                                                  Output/usart/usart.o
USART_HalfDuplexCmd                               Output/Libraries/STM32F4xx_StdPeriph_Driver/src/stm32f4xx_usart.o
USART_ITConfig                                    Output/Libraries/STM32F4xx_StdPeriph_Driver/src/stm32f4xx_usart.o
                                                  Output/usart/usart.o
                                                  Output/fifo/fifo.o
USART_Init                                        Output/Libraries/STM32F4xx_StdPeriph_Driver/src/stm32f4xx_usart.o
                                                  Output/usart/usart.o
USART_IrDACmd                                     Output/Libraries/STM32F4xx_StdPeriph_Driver/src/stm32f4xx_usart.o
USART_IrDAConfig                                  Output/Libraries/STM32F4xx_StdPeriph_Driver/src/stm32f4xx_usart.o
USART_LINBreakDetectLengthConfig                  Output/Libraries/STM32F4xx_StdPeriph_Driver/src/stm32f4xx_usart.o
USART_LINCmd                                      Output/Libraries/STM32F4xx_StdPeriph_Driver/src/stm32f4xx_usart.o
USART_OneBitMethodCmd                             Output/Libraries/STM32F4xx_StdPeriph_Driver/src/stm32f4xx_usart.o
USART_OverSampling8Cmd                            Output/Libraries/STM32F4xx_StdPeriph_Driver/src/stm32f4xx_usart.o
USART_ReceiveData                                 Output/Libraries/STM32F4xx_StdPeriph_Driver/src/stm32f4xx_usart.o
USART_ReceiverWakeUpCmd                           Output/Libraries/STM32F4xx_StdPeriph_Driver/src/stm32f4xx_usart.o
USART_SendBreak                                   Output/Libraries/STM32F4xx_StdPeriph_Driver/src/stm32f4xx_usart.o
USART_SendData                                    Output/Libraries/STM32F4xx_StdPeriph_Driver/src/stm32f4xx_usart.o
                                                  Output/usart/usart.o
USART_SetAddress                                  Output/Libraries/STM32F4xx_StdPeriph_Driver/src/stm32f4xx_usart.o
USART_SetGuardTime                                Output/Libraries/STM32F4xx_StdPeriph_Driver/src/stm32f4xx_usart.o
USART_SetPrescaler                                Output/Libraries/STM32F4xx_StdPeriph_Driver/src/stm32f4xx_usart.o
USART_SmartCardCmd                                Output/Libraries/STM32F4xx_StdPeriph_Driver/src/stm32f4xx_usart.o
USART_SmartCardNACKCmd                            Output/Libraries/STM32F4xx_StdPeriph_Driver/src/stm32f4xx_usart.o
USART_StructInit                                  Output/Libraries/STM32F4xx_StdPeriph_Driver/src/stm32f4xx_usart.o
USART_WakeUpConfig                                Output/Libraries/STM32F4xx_StdPeriph_Driver/src/stm32f4xx_usart.o
UsageFault_Handler                                Output/src/stm32f4xx_it.o
WWDG_IRQHandler                                   Output/Libraries/Startup/startup_stm32f401xx.o
_ITM_deregisterTMCloneTable                       /opt/toolchains/eabi/arm-2014.05/bin/../lib/gcc/arm-none-eabi/4.8.3/thumb2/crtbegin.o
_ITM_registerTMCloneTable                         /opt/toolchains/eabi/arm-2014.05/bin/../lib/gcc/arm-none-eabi/4.8.3/thumb2/crtbegin.o
_Jv_RegisterClasses                               /opt/toolchains/eabi/arm-2014.05/bin/../lib/gcc/arm-none-eabi/4.8.3/thumb2/crtbegin.o
__TMC_END__                                       /opt/toolchains/eabi/arm-2014.05/bin/../lib/gcc/arm-none-eabi/4.8.3/thumb2/crtend.o
                                                  /opt/toolchains/eabi/arm-2014.05/bin/../lib/gcc/arm-none-eabi/4.8.3/thumb2/crtbegin.o
__deregister_frame_info                           /opt/toolchains/eabi/arm-2014.05/bin/../lib/gcc/arm-none-eabi/4.8.3/thumb2/crtbegin.o
__dso_handle                                      /opt/toolchains/eabi/arm-2014.05/bin/../lib/gcc/arm-none-eabi/4.8.3/thumb2/crtbegin.o
__init_array_end                                  /opt/toolchains/eabi/arm-2014.05/bin/../lib/gcc/arm-none-eabi/4.8.3/../../../../arm-none-eabi/lib/thumb2/libc.a(lib_a-init.o)
__init_array_start                                /opt/toolchains/eabi/arm-2014.05/bin/../lib/gcc/arm-none-eabi/4.8.3/../../../../arm-none-eabi/lib/thumb2/libc.a(lib_a-init.o)
__libc_init_array                                 /opt/toolchains/eabi/arm-2014.05/bin/../lib/gcc/arm-none-eabi/4.8.3/../../../../arm-none-eabi/lib/thumb2/libc.a(lib_a-init.o)
                                                  Output/Libraries/Startup/startup_stm32f401xx.o
__preinit_array_end                               /opt/toolchains/eabi/arm-2014.05/bin/../lib/gcc/arm-none-eabi/4.8.3/../../../../arm-none-eabi/lib/thumb2/libc.a(lib_a-init.o)
__preinit_array_start                             /opt/toolchains/eabi/arm-2014.05/bin/../lib/gcc/arm-none-eabi/4.8.3/../../../../arm-none-eabi/lib/thumb2/libc.a(lib_a-init.o)
__register_frame_info                             /opt/toolchains/eabi/arm-2014.05/bin/../lib/gcc/arm-none-eabi/4.8.3/thumb2/crtbegin.o
_ebss                                             Output/Libraries/Startup/startup_stm32f401xx.o
_edata                                            Output/Libraries/Startup/startup_stm32f401xx.o
_estack                                           Output/Libraries/Startup/startup_stm32f401xx.o
_fini                                             /opt/toolchains/eabi/arm-2014.05/bin/../lib/gcc/arm-none-eabi/4.8.3/thumb2/crti.o
_init                                             /opt/toolchains/eabi/arm-2014.05/bin/../lib/gcc/arm-none-eabi/4.8.3/thumb2/crti.o
                                                  /opt/toolchains/eabi/arm-2014.05/bin/../lib/gcc/arm-none-eabi/4.8.3/../../../../arm-none-eabi/lib/thumb2/libc.a(lib_a-init.o)
_sbss                                             Output/Libraries/Startup/startup_stm32f401xx.o
_sdata                                            Output/Libraries/Startup/startup_stm32f401xx.o